Component: ARM Compiler 5.06 update 7 (build 960) Tool: armlink [4d3601]

==============================================================================

Section Cross References

    stm32f10x_adc.o(i.ADC_DeInit) refers to stm32f10x_rcc.o(i.RCC_APB2PeriphResetCmd) for RCC_APB2PeriphResetCmd
    stm32f10x_bkp.o(i.BKP_DeInit) refers to stm32f10x_rcc.o(i.RCC_BackupResetCmd) for RCC_BackupResetCmd
    stm32f10x_can.o(i.CAN_DeInit) refers to stm32f10x_rcc.o(i.RCC_APB1PeriphResetCmd) for RCC_APB1PeriphResetCmd
    stm32f10x_can.o(i.CAN_GetITStatus) refers to stm32f10x_can.o(i.CheckITStatus) for CheckITStatus
    stm32f10x_cec.o(i.CEC_DeInit) refers to stm32f10x_rcc.o(i.RCC_APB1PeriphResetCmd) for RCC_APB1PeriphResetCmd
    stm32f10x_dac.o(i.DAC_DeInit) refers to stm32f10x_rcc.o(i.RCC_APB1PeriphResetCmd) for RCC_APB1PeriphResetCmd
    stm32f10x_flash.o(i.FLASH_EnableWriteProtection) refers to stm32f10x_flash.o(i.FLASH_WaitForLastOperation) for FLASH_WaitForLastOperation
    stm32f10x_flash.o(i.FLASH_EraseAllBank1Pages) refers to stm32f10x_flash.o(i.FLASH_WaitForLastBank1Operation) for FLASH_WaitForLastBank1Operation
    stm32f10x_flash.o(i.FLASH_EraseAllPages) refers to stm32f10x_flash.o(i.FLASH_WaitForLastOperation) for FLASH_WaitForLastOperation
    stm32f10x_flash.o(i.FLASH_EraseOptionBytes) refers to stm32f10x_flash.o(i.FLASH_GetReadOutProtectionStatus) for FLASH_GetReadOutProtectionStatus
    stm32f10x_flash.o(i.FLASH_EraseOptionBytes) refers to stm32f10x_flash.o(i.FLASH_WaitForLastOperation) for FLASH_WaitForLastOperation
    stm32f10x_flash.o(i.FLASH_ErasePage) refers to stm32f10x_flash.o(i.FLASH_WaitForLastOperation) for FLASH_WaitForLastOperation
    stm32f10x_flash.o(i.FLASH_ProgramHalfWord) refers to stm32f10x_flash.o(i.FLASH_WaitForLastOperation) for FLASH_WaitForLastOperation
    stm32f10x_flash.o(i.FLASH_ProgramOptionByteData) refers to stm32f10x_flash.o(i.FLASH_WaitForLastOperation) for FLASH_WaitForLastOperation
    stm32f10x_flash.o(i.FLASH_ProgramWord) refers to stm32f10x_flash.o(i.FLASH_WaitForLastOperation) for FLASH_WaitForLastOperation
    stm32f10x_flash.o(i.FLASH_ReadOutProtection) refers to stm32f10x_flash.o(i.FLASH_WaitForLastOperation) for FLASH_WaitForLastOperation
    stm32f10x_flash.o(i.FLASH_UserOptionByteConfig) refers to stm32f10x_flash.o(i.FLASH_WaitForLastOperation) for FLASH_WaitForLastOperation
    stm32f10x_flash.o(i.FLASH_WaitForLastBank1Operation) refers to stm32f10x_flash.o(i.FLASH_GetBank1Status) for FLASH_GetBank1Status
    stm32f10x_flash.o(i.FLASH_WaitForLastOperation) refers to stm32f10x_flash.o(i.FLASH_GetBank1Status) for FLASH_GetBank1Status
    stm32f10x_gpio.o(i.GPIO_AFIODeInit) refers to stm32f10x_rcc.o(i.RCC_APB2PeriphResetCmd) for RCC_APB2PeriphResetCmd
    stm32f10x_gpio.o(i.GPIO_DeInit) refers to stm32f10x_rcc.o(i.RCC_APB2PeriphResetCmd) for RCC_APB2PeriphResetCmd
    stm32f10x_i2c.o(i.I2C_DeInit) refers to stm32f10x_rcc.o(i.RCC_APB1PeriphResetCmd) for RCC_APB1PeriphResetCmd
    stm32f10x_i2c.o(i.I2C_Init) refers to stm32f10x_rcc.o(i.RCC_GetClocksFreq) for RCC_GetClocksFreq
    stm32f10x_pwr.o(i.PWR_DeInit) refers to stm32f10x_rcc.o(i.RCC_APB1PeriphResetCmd) for RCC_APB1PeriphResetCmd
    stm32f10x_rcc.o(i.RCC_GetClocksFreq) refers to stm32f10x_rcc.o(.data) for APBAHBPrescTable
    stm32f10x_rcc.o(i.RCC_WaitForHSEStartUp) refers to stm32f10x_rcc.o(i.RCC_GetFlagStatus) for RCC_GetFlagStatus
    stm32f10x_rtc.o(i.RTC_SetAlarm) refers to stm32f10x_rtc.o(i.RTC_EnterConfigMode) for RTC_EnterConfigMode
    stm32f10x_rtc.o(i.RTC_SetAlarm) refers to stm32f10x_rtc.o(i.RTC_ExitConfigMode) for RTC_ExitConfigMode
    stm32f10x_rtc.o(i.RTC_SetCounter) refers to stm32f10x_rtc.o(i.RTC_EnterConfigMode) for RTC_EnterConfigMode
    stm32f10x_rtc.o(i.RTC_SetCounter) refers to stm32f10x_rtc.o(i.RTC_ExitConfigMode) for RTC_ExitConfigMode
    stm32f10x_rtc.o(i.RTC_SetPrescaler) refers to stm32f10x_rtc.o(i.RTC_EnterConfigMode) for RTC_EnterConfigMode
    stm32f10x_rtc.o(i.RTC_SetPrescaler) refers to stm32f10x_rtc.o(i.RTC_ExitConfigMode) for RTC_ExitConfigMode
    stm32f10x_spi.o(i.I2S_Init) refers to stm32f10x_rcc.o(i.RCC_GetClocksFreq) for RCC_GetClocksFreq
    stm32f10x_spi.o(i.SPI_I2S_DeInit) refers to stm32f10x_rcc.o(i.RCC_APB2PeriphResetCmd) for RCC_APB2PeriphResetCmd
    stm32f10x_spi.o(i.SPI_I2S_DeInit) refers to stm32f10x_rcc.o(i.RCC_APB1PeriphResetCmd) for RCC_APB1PeriphResetCmd
    stm32f10x_tim.o(i.TIM_DeInit) refers to stm32f10x_rcc.o(i.RCC_APB2PeriphResetCmd) for RCC_APB2PeriphResetCmd
    stm32f10x_tim.o(i.TIM_DeInit) refers to stm32f10x_rcc.o(i.RCC_APB1PeriphResetCmd) for RCC_APB1PeriphResetCmd
    stm32f10x_tim.o(i.TIM_ETRClockMode1Config) refers to stm32f10x_tim.o(i.TIM_ETRConfig) for TIM_ETRConfig
    stm32f10x_tim.o(i.TIM_ETRClockMode2Config) refers to stm32f10x_tim.o(i.TIM_ETRConfig) for TIM_ETRConfig
    stm32f10x_tim.o(i.TIM_ICInit) refers to stm32f10x_tim.o(i.TI1_Config) for TI1_Config
[...]
    LCD_12864_Serial.o(.constdata__ZTV16LCD_12864_Serial) refers to LCD_12864_Serial.o(i._ZN16LCD_12864_Serial13Display_CGRAMEhhh) for LCD_12864_Serial::Display_CGRAM(unsigned char, unsigned char, unsigned char)
    LCD_12864_Serial.o(.constdata__ZTV16LCD_12864_Serial) refers to LCD_12864_Serial.o(i._ZN16LCD_12864_Serial11Show_StringEPhtt) for LCD_12864_Serial::Show_String(unsigned char*, unsigned short, unsigned short)
    LCD_12864_Serial.o(.constdata__ZTV16LCD_12864_Serial) refers to LCD_12864_Serial.o(i._ZN16LCD_12864_Serial13Display_ImageEPh) for LCD_12864_Serial::Display_Image(unsigned char*)
    LCD_12864_Serial.o(.constdata__ZTV16LCD_12864_Serial) refers to LCD_12864_Serial.o(i._ZN16LCD_12864_Serial14Draw_RectangleEhhhhh) for LCD_12864_Serial::Draw_Rectangle(unsigned char, unsigned char, unsigned char, unsigned char, unsigned char)
    LCD_12864_Serial.o(.constdata__ZTV16LCD_12864_Serial) refers to LCD_12864_Serial.o(i._ZN16LCD_12864_Serial16Draw_Rectangle_1Ehhhhh) for LCD_12864_Serial::Draw_Rectangle_1(unsigned char, unsigned char, unsigned char, unsigned char, unsigned char)
    LCD_12864_Serial.o(.constdata__ZTV16LCD_12864_Serial) refers to LCD_12864_Serial.o(i._ZN16LCD_12864_Serial10Draw_PointEhhh) for LCD_12864_Serial::Draw_Point(unsigned char, unsigned char, unsigned char)
    LCD_12864_Serial.o(.constdata__ZTV16LCD_12864_Serial) refers to LCD_12864_Serial.o(i._ZN16LCD_12864_Serial11Clear_GDRAMEv) for LCD_12864_Serial::Clear_GDRAM()
    LCD_12864_Serial.o(.constdata__ZTV16LCD_12864_Serial) refers to LCD_12864_Serial.o(i._ZN16LCD_12864_Serial10Read_GDRAMEhh) for LCD_12864_Serial::Read_GDRAM(unsigned char, unsigned char)
    LCD_12864_Serial.o(.constdata__ZTV16LCD_12864_Serial) refers to LCD_12864_Serial.o(i._ZN16LCD_12864_Serial12Set_GDRAMaddEhh) for LCD_12864_Serial::Set_GDRAMadd(unsigned char, unsigned char)
    LCD_12864_Serial.o(.constdata__ZTV16LCD_12864_Serial) refers to LCD_12864_Serial.o(i._ZN16LCD_12864_Serial9Read_DataEv) for LCD_12864_Serial::Read_Data()
    LCD_12864_Serial.o(.constdata__ZTV16LCD_12864_Serial) refers to LCD_12864_Serial.o(i._ZN16LCD_12864_Serial12Receive_ByteEv) for LCD_12864_Serial::Receive_Byte()
    LCD_12864_Serial.o(.constdata__ZTV16LCD_12864_Serial) refers to LCD_12864_Serial.o(i._ZN16LCD_12864_Serial11Read_StatusEv) for LCD_12864_Serial::Read_Status()
    LCD_12864_Serial.o(.constdata__ZTI16LCD_12864_Serial) refers to lib_rtti_impl.o(.constdata__ZTVN10__cxxabiv120__si_class_type_infoE) for vtable for __cxxabiv1::__si_class_type_info
    LCD_12864_Serial.o(.constdata__ZTI16LCD_12864_Serial) refers to LCD_12864_Serial.o(.constdata__ZTS16LCD_12864_Serial) for typeinfo name for LCD_12864_Serial
    LCD_12864_Serial.o(.constdata__ZTI16LCD_12864_Serial) refers to LCD_12864_Parallel.o(.constdata__ZTI9LCD_12864) for typeinfo for LCD_12864
    I2C.o(i._ZN9I2C_ParamC1Ev) refers to NVIC.o(i._ZN12NVIC_OperateC1Ev) for NVIC_Operate::NVIC_Operate()
    I2C.o(.ARM.exidx) refers to I2C.o(i._ZN9I2C_ParamC1Ev) for i._ZN9I2C_ParamC1Ev
    I2C.o(i._ZN9I2C_ParamD1Ev) refers to NVIC.o(i._ZN12NVIC_OperateD1Ev) for NVIC_Operate::~NVIC_Operate()
    I2C.o(.ARM.exidx) refers to I2C.o(i._ZN9I2C_ParamD1Ev) for i._ZN9I2C_ParamD1Ev
    TIM.o(i._ZN9TIM_ParmaC1Ev) refers to NVIC.o(i._ZN12NVIC_OperateC1Ev) for NVIC_Operate::NVIC_Operate()
    TIM.o(.ARM.exidx) refers to TIM.o(i._ZN9TIM_ParmaC1Ev) for i._ZN9TIM_ParmaC1Ev
    TIM.o(i._ZN9TIM_ParmaD1Ev) refers to NVIC.o(i._ZN12NVIC_OperateD1Ev) for NVIC_Operate::~NVIC_Operate()
    TIM.o(.ARM.exidx) refers to TIM.o(i._ZN9TIM_ParmaD1Ev) for i._ZN9TIM_ParmaD1Ev
    USART.o(i._ZN11USART_ParamC1Ev) refers to NVIC.o(i._ZN12NVIC_OperateC1Ev) for NVIC_Operate::NVIC_Operate()
    USART.o(.ARM.exidx) refers to USART.o(i._ZN11USART_ParamC1Ev) for i._ZN11USART_ParamC1Ev
    USART.o(i._ZN11USART_ParamD1Ev) refers to NVIC.o(i._ZN12NVIC_OperateD1Ev) for NVIC_Operate::~NVIC_Operate()
    USART.o(.ARM.exidx) refers to USART.o(i._ZN11USART_ParamD1Ev) for i._ZN11USART_ParamD1Ev
    lib_rtti_impl.o(.constdata__ZTVN10__cxxabiv123__fundamental_type_infoE) refers to lib_rtti_impl.o(.constdata__ZTIN10__cxxabiv123__fundamental_type_infoE) for typeinfo for __cxxabiv1::__fundamental_type_info
    lib_rtti_impl.o(.constdata__ZTVN10__cxxabiv123__fundamental_type_infoE) refers to lib_rtti_impl.o(i._ZN10__cxxabiv123__fundamental_type_infoD1Ev) for __cxxabiv1::__fundamental_type_info::~__fundamental_type_info()
    lib_rtti_impl.o(.constdata__ZTVN10__cxxabiv123__fundamental_type_infoE) refers to lib_rtti_impl.o(i._ZN10__cxxabiv123__fundamental_type_infoD0Ev) for __cxxabiv1::__fundamental_type_info::~__fundamental_type_info__deallocating()
    lib_rtti_impl.o(.constdata__ZTVN10__cxxabiv117__array_type_infoE) refers to lib_rtti_impl.o(.constdata__ZTIN10__cxxabiv117__array_type_infoE) for typeinfo for __cxxabiv1::__array_type_info
    lib_rtti_impl.o(.constdata__ZTVN10__cxxabiv117__array_type_infoE) refers to lib_rtti_impl.o(i._ZN10__cxxabiv117__array_type_infoD1Ev) for __cxxabiv1::__array_type_info::~__array_type_info()
    lib_rtti_impl.o(.constdata__ZTVN10__cxxabiv117__array_type_infoE) refers to lib_rtti_impl.o(i._ZN10__cxxabiv117__array_type_infoD0Ev) for __cxxabiv1::__array_type_info::~__array_type_info__deallocating()
    lib_rtti_impl.o(.constdata__ZTVN10__cxxabiv120__function_type_infoE) refers to lib_rtti_impl.o(.constdata__ZTIN10__cxxabiv120__function_type_infoE) for typeinfo for __cxxabiv1::__function_type_info
    lib_rtti_impl.o(.constdata__ZTVN10__cxxabiv120__function_type_infoE) refers to lib_rtti_impl.o(i._ZN10__cxxabiv120__function_type_infoD1Ev) for __cxxabiv1::__function_type_info::~__function_type_info()
    lib_rtti_impl.o(.constdata__ZTVN10__cxxabiv120__function_type_infoE) refers to lib_rtti_impl.o(i._ZN10__cxxabiv120__function_type_infoD0Ev) for __cxxabiv1::__function_type_info::~__function_type_info__deallocating()
    lib_rtti_impl.o(.constdata__ZTVN10__cxxabiv116__enum_type_infoE) refers to lib_rtti_impl.o(.constdata__ZTIN10__cxxabiv116__enum_type_infoE) for typeinfo for __cxxabiv1::__enum_type_info
    lib_rtti_impl.o(.constdata__ZTVN10__cxxabiv116__enum_type_infoE) refers to lib_rtti_impl.o(i._ZN10__cxxabiv116__enum_type_infoD1Ev) for __cxxabiv1::__enum_type_info::~__enum_type_info()
    lib_rtti_impl.o(.constdata__ZTVN10__cxxabiv116__enum_type_infoE) refers to lib_rtti_impl.o(i._ZN10__cxxabiv116__enum_type_infoD0Ev) for __cxxabiv1::__enum_type_info::~__enum_type_info__deallocating()
    lib_rtti_impl.o(.constdata__ZTVN10__cxxabiv117__class_type_infoE) refers to lib_rtti_impl.o(.constdata__ZTIN10__cxxabiv117__class_type_infoE) for typeinfo for __cxxabiv1::__class_type_info
    lib_rtti_impl.o(.constdata__ZTVN10__cxxabiv117__class_type_infoE) refers to lib_rtti_impl.o(i._ZN10__cxxabiv117__class_type_infoD1Ev) for __cxxabiv1::__class_type_info::~__class_type_info()
    lib_rtti_impl.o(.constdata__ZTVN10__cxxabiv117__class_type_infoE) refers to lib_rtti_impl.o(i._ZN10__cxxabiv117__class_type_infoD0Ev) for __cxxabiv1::__class_type_info::~__class_type_info__deallocating()
    lib_rtti_impl.o(.constdata__ZTVN10__cxxabiv120__si_class_type_infoE) refers to lib_rtti_impl.o(.constdata__ZTIN10__cxxabiv120__si_class_type_infoE) for typeinfo for __cxxabiv1::__si_class_type_info
    lib_rtti_impl.o(.constdata__ZTVN10__cxxabiv120__si_class_type_infoE) refers to lib_rtti_impl.o(i._ZN10__cxxabiv120__si_class_type_infoD1Ev) for __cxxabiv1::__si_class_type_info::~__si_class_type_info()
    lib_rtti_impl.o(.constdata__ZTVN10__cxxabiv120__si_class_type_infoE) refers to lib_rtti_impl.o(i._ZN10__cxxabiv120__si_class_type_infoD0Ev) for __cxxabiv1::__si_class_type_info::~__si_class_type_info__deallocating()
    lib_rtti_impl.o(.constdata__ZTVN10__cxxabiv121__vmi_class_type_infoE) refers to lib_rtti_impl.o(.constdata__ZTIN10__cxxabiv121__vmi_class_type_infoE) for typeinfo for __cxxabiv1::__vmi_class_type_info
    lib_rtti_impl.o(.constdata__ZTVN10__cxxabiv121__vmi_class_type_infoE) refers to lib_rtti_impl.o(i._ZN10__cxxabiv121__vmi_class_type_infoD1Ev) for __cxxabiv1::__vmi_class_type_info::~__vmi_class_type_info()
    lib_rtti_impl.o(.constdata__ZTVN10__cxxabiv121__vmi_class_type_infoE) refers to lib_rtti_impl.o(i._ZN10__cxxabiv121__vmi_class_type_infoD0Ev) for __cxxabiv1::__vmi_class_type_info::~__vmi_class_type_info__deallocating()
    lib_rtti_impl.o(.constdata__ZTVN10__cxxabiv117__pbase_type_infoE) refers to lib_rtti_impl.o(.constdata__ZTIN10__cxxabiv117__pbase_type_infoE) for typeinfo for __cxxabiv1::__pbase_type_info
    lib_rtti_impl.o(.constdata__ZTVN10__cxxabiv117__pbase_type_infoE) refers to lib_rtti_impl.o(i._ZN10__cxxabiv117__pbase_type_infoD1Ev) for __cxxabiv1::__pbase_type_info::~__pbase_type_info()
    lib_rtti_impl.o(.constdata__ZTVN10__cxxabiv117__pbase_type_infoE) refers to lib_rtti_impl.o(i._ZN10__cxxabiv117__pbase_type_infoD0Ev) for __cxxabiv1::__pbase_type_info::~__pbase_type_info__deallocating()
    lib_rtti_impl.o(.constdata__ZTVN10__cxxabiv119__pointer_type_infoE) refers to lib_rtti_impl.o(.constdata__ZTIN10__cxxabiv119__pointer_type_infoE) for typeinfo for __cxxabiv1::__pointer_type_info
    lib_rtti_impl.o(.constdata__ZTVN10__cxxabiv119__pointer_type_infoE) refers to lib_rtti_impl.o(i._ZN10__cxxabiv119__pointer_type_infoD1Ev) for __cxxabiv1::__pointer_type_info::~__pointer_type_info()
    lib_rtti_impl.o(.constdata__ZTVN10__cxxabiv119__pointer_type_infoE) refers to lib_rtti_impl.o(i._ZN10__cxxabiv119__pointer_type_infoD0Ev) for __cxxabiv1::__pointer_type_info::~__pointer_type_info__deallocating()
    lib_rtti_impl.o(.constdata__ZTVN10__cxxabiv129__pointer_to_member_type_infoE) refers to lib_rtti_impl.o(.constdata__ZTIN10__cxxabiv129__pointer_to_member_type_infoE) for typeinfo for __cxxabiv1::__pointer_to_member_type_info
    lib_rtti_impl.o(.constdata__ZTVN10__cxxabiv129__pointer_to_member_type_infoE) refers to lib_rtti_impl.o(i._ZN10__cxxabiv129__pointer_to_member_type_infoD1Ev) for __cxxabiv1::__pointer_to_member_type_info::~__pointer_to_member_type_info()
    lib_rtti_impl.o(.constdata__ZTVN10__cxxabiv129__pointer_to_member_type_infoE) refers to lib_rtti_impl.o(i._ZN10__cxxabiv129__pointer_to_member_type_infoD0Ev) for __cxxabiv1::__pointer_to_member_type_info::~__pointer_to_member_type_info__deallocating()
    lib_rtti_impl.o(.ARM.exidx) refers to lib_rtti_impl.o(i._ZNSt9type_infodlEPv) for i._ZNSt9type_infodlEPv
    lib_rtti_impl.o(.constdata__ZTIN10__cxxabiv123__fundamental_type_infoE) refers to lib_rtti_impl.o(.constdata__ZTVN10__cxxabiv120__si_class_type_infoE) for vtable for __cxxabiv1::__si_class_type_info
    lib_rtti_impl.o(.constdata__ZTIN10__cxxabiv123__fundamental_type_infoE) refers to lib_rtti_impl.o(.constdata__ZTSN10__cxxabiv123__fundamental_type_infoE) for typeinfo name for __cxxabiv1::__fundamental_type_info
    lib_rtti_impl.o(.constdata__ZTIN10__cxxabiv123__fundamental_type_infoE) refers to type_info_dtor.o(.constdata__ZTISt9type_info) for typeinfo for std::type_info
    lib_rtti_impl.o(.constdata__ZTIN10__cxxabiv117__array_type_infoE) refers to lib_rtti_impl.o(.constdata__ZTVN10__cxxabiv120__si_class_type_infoE) for vtable for __cxxabiv1::__si_class_type_info
    lib_rtti_impl.o(.constdata__ZTIN10__cxxabiv117__array_type_infoE) refers to lib_rtti_impl.o(.constdata__ZTSN10__cxxabiv117__array_type_infoE) for typeinfo name for __cxxabiv1::__array_type_info
    lib_rtti_impl.o(.constdata__ZTIN10__cxxabiv117__array_type_infoE) refers to type_info_dtor.o(.constdata__ZTISt9type_info) for typeinfo for std::type_info
    lib_rtti_impl.o(.constdata__ZTIN10__cxxabiv120__function_type_infoE) refers to lib_rtti_impl.o(.constdata__ZTVN10__cxxabiv120__si_class_type_infoE) for vtable for __cxxabiv1::__si_class_type_info
    lib_rtti_impl.o(.constdata__ZTIN10__cxxabiv120__function_type_infoE) refers to lib_rtti_impl.o(.constdata__ZTSN10__cxxabiv120__function_type_infoE) for typeinfo name for __cxxabiv1::__function_type_info
    lib_rtti_impl.o(.constdata__ZTIN10__cxxabiv120__function_type_infoE) refers to type_info_dtor.o(.constdata__ZTISt9type_info) for typeinfo for std::type_info
    lib_rtti_impl.o(.constdata__ZTIN10__cxxabiv116__enum_type_infoE) refers to lib_rtti_impl.o(.constdata__ZTVN10__cxxabiv120__si_class_type_infoE) for vtable for __cxxabiv1::__si_class_type_info
    lib_rtti_impl.o(.constdata__ZTIN10__cxxabiv116__enum_type_infoE) refers to lib_rtti_impl.o(.constdata__ZTSN10__cxxabiv116__enum_type_infoE) for typeinfo name for __cxxabiv1::__enum_type_info
    lib_rtti_impl.o(.constdata__ZTIN10__cxxabiv116__enum_type_infoE) refers to type_info_dtor.o(.constdata__ZTISt9type_info) for typeinfo for std::type_info
    lib_rtti_impl.o(.constdata__ZTIN10__cxxabiv117__class_type_infoE) refers to lib_rtti_impl.o(.constdata__ZTVN10__cxxabiv120__si_class_type_infoE) for vtable for __cxxabiv1::__si_class_type_info
    lib_rtti_impl.o(.constdata__ZTIN10__cxxabiv117__class_type_infoE) refers to lib_rtti_impl.o(.constdata__ZTSN10__cxxabiv117__class_type_infoE) for typeinfo name for __cxxabiv1::__class_type_info
    lib_rtti_impl.o(.constdata__ZTIN10__cxxabiv117__class_type_infoE) refers to type_info_dtor.o(.constdata__ZTISt9type_info) for typeinfo for std::type_info
    lib_rtti_impl.o(.constdata__ZTIN10__cxxabiv120__si_class_type_infoE) refers to lib_rtti_impl.o(.constdata__ZTVN10__cxxabiv120__si_class_type_infoE) for vtable for __cxxabiv1::__si_class_type_info
    lib_rtti_impl.o(.constdata__ZTIN10__cxxabiv120__si_class_type_infoE) refers to lib_rtti_impl.o(.constdata__ZTSN10__cxxabiv120__si_class_type_infoE) for typeinfo name for __cxxabiv1::__si_class_type_info
    lib_rtti_impl.o(.constdata__ZTIN10__cxxabiv120__si_class_type_infoE) refers to lib_rtti_impl.o(.constdata__ZTIN10__cxxabiv117__class_type_infoE) for typeinfo for __cxxabiv1::__class_type_info
    lib_rtti_impl.o(.constdata__ZTIN10__cxxabiv121__vmi_class_type_infoE) refers to lib_rtti_impl.o(.constdata__ZTVN10__cxxabiv120__si_class_type_infoE) for vtable for __cxxabiv1::__si_class_type_info
    lib_rtti_impl.o(.constdata__ZTIN10__cxxabiv121__vmi_class_type_infoE) refers to lib_rtti_impl.o(.constdata__ZTSN10__cxxabiv121__vmi_class_type_infoE) for typeinfo name for __cxxabiv1::__vmi_class_type_info
    lib_rtti_impl.o(.constdata__ZTIN10__cxxabiv121__vmi_class_type_infoE) refers to lib_rtti_impl.o(.constdata__ZTIN10__cxxabiv117__class_type_infoE) for typeinfo for __cxxabiv1::__class_type_info
    lib_rtti_impl.o(.constdata__ZTIN10__cxxabiv117__pbase_type_infoE) refers to lib_rtti_impl.o(.constdata__ZTVN10__cxxabiv120__si_class_type_infoE) for vtable for __cxxabiv1::__si_class_type_info
    lib_rtti_impl.o(.constdata__ZTIN10__cxxabiv117__pbase_type_infoE) refers to lib_rtti_impl.o(.constdata__ZTSN10__cxxabiv117__pbase_type_infoE) for typeinfo name for __cxxabiv1::__pbase_type_info
    lib_rtti_impl.o(.constdata__ZTIN10__cxxabiv117__pbase_type_infoE) refers to type_info_dtor.o(.constdata__ZTISt9type_info) for typeinfo for std::type_info
    lib_rtti_impl.o(.constdata__ZTIN10__cxxabiv119__pointer_type_infoE) refers to lib_rtti_impl.o(.constdata__ZTVN10__cxxabiv120__si_class_type_infoE) for vtable for __cxxabiv1::__si_class_type_info
    lib_rtti_impl.o(.constdata__ZTIN10__cxxabiv119__pointer_type_infoE) refers to lib_rtti_impl.o(.constdata__ZTSN10__cxxabiv119__pointer_type_infoE) for typeinfo name for __cxxabiv1::__pointer_type_info
    lib_rtti_impl.o(.constdata__ZTIN10__cxxabiv119__pointer_type_infoE) refers to lib_rtti_impl.o(.constdata__ZTIN10__cxxabiv117__pbase_type_infoE) for typeinfo for __cxxabiv1::__pbase_type_info
    lib_rtti_impl.o(.constdata__ZTIN10__cxxabiv129__pointer_to_member_type_infoE) refers to lib_rtti_impl.o(.constdata__ZTVN10__cxxabiv120__si_class_type_infoE) for vtable for __cxxabiv1::__si_class_type_info
    lib_rtti_impl.o(.constdata__ZTIN10__cxxabiv129__pointer_to_member_type_infoE) refers to lib_rtti_impl.o(.constdata__ZTSN10__cxxabiv129__pointer_to_member_type_infoE) for typeinfo name for __cxxabiv1::__pointer_to_member_type_info
    lib_rtti_impl.o(.constdata__ZTIN10__cxxabiv129__pointer_to_member_type_infoE) refers to lib_rtti_impl.o(.constdata__ZTIN10__cxxabiv117__pbase_type_infoE) for typeinfo for __cxxabiv1::__pbase_type_info
    lib_rtti_impl.o(i.__ARM_common_noexcept_landing) refers to arm_exceptions_callterm.o(.text) for __cxa_call_terminate
    lib_rtti_impl.o(.ARM.exidx) refers to lib_rtti_impl.o(i.__ARM_common_noexcept_landing) for i.__ARM_common_noexcept_landing
    bad_alloc_dtor.o(.constdata__ZTVSt9bad_alloc) refers to bad_alloc_dtor.o(.constdata__ZTISt9bad_alloc) for typeinfo for std::bad_alloc
    bad_alloc_dtor.o(.constdata__ZTVSt9bad_alloc) refers to bad_alloc_dtor.o(i._ZNSt9bad_allocD1Ev) for std::bad_alloc::~bad_alloc()
    bad_alloc_dtor.o(.constdata__ZTVSt9bad_alloc) refers to bad_alloc_dtor.o(i._ZNSt9bad_allocD0Ev) for std::bad_alloc::~bad_alloc__deallocating()
    bad_alloc_dtor.o(.constdata__ZTVSt9bad_alloc) refers to bad_alloc_what.o(i._ZNKSt9bad_alloc4whatEv) for std::bad_alloc::what() const
    bad_alloc_dtor.o(.constdata__ZTISt9bad_alloc) refers to lib_rtti_impl.o(.constdata__ZTVN10__cxxabiv120__si_class_type_infoE) for vtable for __cxxabiv1::__si_class_type_info
    bad_alloc_dtor.o(.constdata__ZTISt9bad_alloc) refers to bad_alloc_dtor.o(.constdata__ZTSSt9bad_alloc) for typeinfo name for std::bad_alloc
    bad_alloc_dtor.o(.constdata__ZTISt9bad_alloc) refers to exception_dtor.o(.constdata__ZTISt9exception) for typeinfo for std::exception
    type_info_dtor.o(.constdata__ZTVSt9type_info) refers to type_info_dtor.o(.constdata__ZTISt9type_info) for typeinfo for std::type_info
    type_info_dtor.o(.constdata__ZTVSt9type_info) refers to type_info_dtor.o(i._ZNSt9type_infoD1Ev) for std::type_info::~type_info()
    type_info_dtor.o(.constdata__ZTVSt9type_info) refers to type_info_dtor.o(i._ZNSt9type_infoD0Ev) for std::type_info::~type_info__deallocating()
    type_info_dtor.o(.constdata__ZTISt9type_info) refers to lib_rtti_impl.o(.constdata__ZTVN10__cxxabiv117__class_type_infoE) for vtable for __cxxabiv1::__class_type_info
    type_info_dtor.o(.constdata__ZTISt9type_info) refers to type_info_dtor.o(.constdata__ZTSSt9type_info) for typeinfo name for std::type_info
    exception_dtor.o(.constdata__ZTVSt9exception) refers to exception_dtor.o(.constdata__ZTISt9exception) for typeinfo for std::exception
    exception_dtor.o(.constdata__ZTVSt9exception) refers to exception_dtor.o(i._ZNSt9exceptionD1Ev) for std::exception::~exception()
    exception_dtor.o(.constdata__ZTVSt9exception) refers to exception_dtor.o(i._ZNSt9exceptionD0Ev) for std::exception::~exception__deallocating()
    exception_dtor.o(.constdata__ZTVSt9exception) refers to exception_what.o(i._ZNKSt9exception4whatEv) for std::exception::what() const
    exception_dtor.o(.constdata__ZTISt9exception) refers to lib_rtti_impl.o(.constdata__ZTVN10__cxxabiv117__class_type_infoE) for vtable for __cxxabiv1::__class_type_info
    exception_dtor.o(.constdata__ZTISt9exception) refers to exception_dtor.o(.constdata__ZTSSt9exception) for typeinfo name for std::exception


==============================================================================

Removing Unused input sections from the image.

    Removing misc.o(.rev16_text), (4 bytes).
    Removing misc.o(.revsh_text), (4 bytes).
    Removing misc.o(.rrx_text), (6 bytes).
    Removing misc.o(i.NVIC_Init), (112 bytes).
    Removing misc.o(i.NVIC_PriorityGroupConfig), (20 bytes).
    Removing misc.o(i.NVIC_SetVectorTable), (20 bytes).
    Removing misc.o(i.NVIC_SystemLPConfig), (32 bytes).
    Removing misc.o(i.SysTick_CLKSourceConfig), (40 bytes).
    Removing stm32f10x_adc.o(.rev16_text), (4 bytes).
    Removing stm32f10x_adc.o(.revsh_text), (4 bytes).
    Removing stm32f10x_adc.o(.rrx_text), (6 bytes).
    Removing stm32f10x_adc.o(i.ADC_AnalogWatchdogCmd), (20 bytes).
    Removing stm32f10x_adc.o(i.ADC_AnalogWatchdogSingleChannelConfig), (16 bytes).
    Removing stm32f10x_adc.o(i.ADC_AnalogWatchdogThresholdsConfig), (6 bytes).
    Removing stm32f10x_adc.o(i.ADC_AutoInjectedConvCmd), (22 bytes).
    Removing stm32f10x_adc.o(i.ADC_ClearFlag), (6 bytes).
    Removing stm32f10x_adc.o(i.ADC_ClearITPendingBit), (10 bytes).
    Removing stm32f10x_adc.o(i.ADC_Cmd), (22 bytes).
    Removing stm32f10x_adc.o(i.ADC_DMACmd), (22 bytes).
    Removing stm32f10x_adc.o(i.ADC_DeInit), (92 bytes).
    Removing stm32f10x_adc.o(i.ADC_DiscModeChannelCountConfig), (24 bytes).
    Removing stm32f10x_adc.o(i.ADC_DiscModeCmd), (22 bytes).
    Removing stm32f10x_adc.o(i.ADC_ExternalTrigConvCmd), (22 bytes).
    Removing stm32f10x_adc.o(i.ADC_ExternalTrigInjectedConvCmd), (22 bytes).
    Removing stm32f10x_adc.o(i.ADC_ExternalTrigInjectedConvConfig), (16 bytes).
    Removing stm32f10x_adc.o(i.ADC_GetCalibrationStatus), (20 bytes).
    Removing stm32f10x_adc.o(i.ADC_GetConversionValue), (8 bytes).
    Removing stm32f10x_adc.o(i.ADC_GetDualModeConversionValue), (12 bytes).
    Removing stm32f10x_adc.o(i.ADC_GetFlagStatus), (18 bytes).
    Removing stm32f10x_adc.o(i.ADC_GetITStatus), (36 bytes).
    Removing stm32f10x_adc.o(i.ADC_GetInjectedConversionValue), (28 bytes).
    Removing stm32f10x_adc.o(i.ADC_GetResetCalibrationStatus), (20 bytes).
    Removing stm32f10x_adc.o(i.ADC_GetSoftwareStartConvStatus), (20 bytes).
    Removing stm32f10x_adc.o(i.ADC_GetSoftwareStartInjectedConvCmdStatus), (20 bytes).
    Removing stm32f10x_adc.o(i.ADC_ITConfig), (24 bytes).
    Removing stm32f10x_adc.o(i.ADC_Init), (80 bytes).
    Removing stm32f10x_adc.o(i.ADC_InjectedChannelConfig), (130 bytes).
    Removing stm32f10x_adc.o(i.ADC_InjectedDiscModeCmd), (22 bytes).
    Removing stm32f10x_adc.o(i.ADC_InjectedSequencerLengthConfig), (24 bytes).
    Removing stm32f10x_adc.o(i.ADC_RegularChannelConfig), (184 bytes).
    Removing stm32f10x_adc.o(i.ADC_ResetCalibration), (10 bytes).
    Removing stm32f10x_adc.o(i.ADC_SetInjectedOffset), (20 bytes).
    Removing stm32f10x_adc.o(i.ADC_SoftwareStartConvCmd), (22 bytes).
    Removing stm32f10x_adc.o(i.ADC_SoftwareStartInjectedConvCmd), (22 bytes).
    Removing stm32f10x_adc.o(i.ADC_StartCalibration), (10 bytes).
    Removing stm32f10x_adc.o(i.ADC_StructInit), (18 bytes).
    Removing stm32f10x_adc.o(i.ADC_TempSensorVrefintCmd), (36 bytes).
    Removing stm32f10x_bkp.o(.rev16_text), (4 bytes).
    Removing stm32f10x_bkp.o(.revsh_text), (4 bytes).
    Removing stm32f10x_bkp.o(.rrx_text), (6 bytes).
    Removing stm32f10x_bkp.o(i.BKP_ClearFlag), (20 bytes).
    Removing stm32f10x_bkp.o(i.BKP_ClearITPendingBit), (20 bytes).
    Removing stm32f10x_bkp.o(i.BKP_DeInit), (16 bytes).
    Removing stm32f10x_bkp.o(i.BKP_GetFlagStatus), (12 bytes).
    Removing stm32f10x_bkp.o(i.BKP_GetITStatus), (12 bytes).
    Removing stm32f10x_bkp.o(i.BKP_ITConfig), (12 bytes).
    Removing stm32f10x_bkp.o(i.BKP_RTCOutputConfig), (28 bytes).
    Removing stm32f10x_bkp.o(i.BKP_ReadBackupRegister), (28 bytes).
    Removing stm32f10x_bkp.o(i.BKP_SetRTCCalibrationValue), (28 bytes).
    Removing stm32f10x_bkp.o(i.BKP_TamperPinCmd), (12 bytes).
    Removing stm32f10x_bkp.o(i.BKP_TamperPinLevelConfig), (12 bytes).
    Removing stm32f10x_bkp.o(i.BKP_WriteBackupRegister), (28 bytes).
    Removing stm32f10x_can.o(.rev16_text), (4 bytes).
    Removing stm32f10x_can.o(.revsh_text), (4 bytes).
    Removing stm32f10x_can.o(.rrx_text), (6 bytes).
    Removing stm32f10x_can.o(i.CAN_CancelTransmit), (48 bytes).
    Removing stm32f10x_can.o(i.CAN_ClearFlag), (56 bytes).
    Removing stm32f10x_can.o(i.CAN_ClearITPendingBit), (168 bytes).
    Removing stm32f10x_can.o(i.CAN_DBGFreeze), (22 bytes).
    Removing stm32f10x_can.o(i.CAN_DeInit), (56 bytes).
    Removing stm32f10x_can.o(i.CAN_FIFORelease), (22 bytes).
    Removing stm32f10x_can.o(i.CAN_FilterInit), (264 bytes).
    Removing stm32f10x_can.o(i.CAN_GetFlagStatus), (120 bytes).
    Removing stm32f10x_can.o(i.CAN_GetITStatus), (288 bytes).
    Removing stm32f10x_can.o(i.CAN_GetLSBTransmitErrorCounter), (12 bytes).
    Removing stm32f10x_can.o(i.CAN_GetLastErrorCode), (12 bytes).
    Removing stm32f10x_can.o(i.CAN_GetReceiveErrorCounter), (10 bytes).
    Removing stm32f10x_can.o(i.CAN_ITConfig), (18 bytes).
    Removing stm32f10x_can.o(i.CAN_Init), (276 bytes).
    Removing stm32f10x_can.o(i.CAN_MessagePending), (30 bytes).
    Removing stm32f10x_can.o(i.CAN_OperatingModeRequest), (162 bytes).
    Removing stm32f10x_can.o(i.CAN_Receive), (240 bytes).
    Removing stm32f10x_can.o(i.CAN_SlaveStartBank), (52 bytes).
    Removing stm32f10x_can.o(i.CAN_Sleep), (30 bytes).
    Removing stm32f10x_can.o(i.CAN_StructInit), (32 bytes).
    Removing stm32f10x_can.o(i.CAN_TTComModeCmd), (118 bytes).
    Removing stm32f10x_can.o(i.CAN_Transmit), (294 bytes).
    Removing stm32f10x_can.o(i.CAN_TransmitStatus), (160 bytes).
    Removing stm32f10x_can.o(i.CAN_WakeUp), (48 bytes).
    Removing stm32f10x_can.o(i.CheckITStatus), (18 bytes).
    Removing stm32f10x_cec.o(.rev16_text), (4 bytes).
    Removing stm32f10x_cec.o(.revsh_text), (4 bytes).
    Removing stm32f10x_cec.o(.rrx_text), (6 bytes).
    Removing stm32f10x_cec.o(i.CEC_ClearFlag), (36 bytes).
    Removing stm32f10x_cec.o(i.CEC_ClearITPendingBit), (36 bytes).
    Removing stm32f10x_cec.o(i.CEC_Cmd), (32 bytes).
    Removing stm32f10x_cec.o(i.CEC_DeInit), (22 bytes).
    Removing stm32f10x_cec.o(i.CEC_EndOfMessageCmd), (12 bytes).
    Removing stm32f10x_cec.o(i.CEC_GetFlagStatus), (48 bytes).
    Removing stm32f10x_cec.o(i.CEC_GetITStatus), (40 bytes).
    Removing stm32f10x_cec.o(i.CEC_ITConfig), (12 bytes).
    Removing stm32f10x_cec.o(i.CEC_Init), (32 bytes).
    Removing stm32f10x_cec.o(i.CEC_OwnAddressConfig), (12 bytes).
    Removing stm32f10x_cec.o(i.CEC_ReceiveDataByte), (12 bytes).
    Removing stm32f10x_cec.o(i.CEC_SendDataByte), (12 bytes).
    Removing stm32f10x_cec.o(i.CEC_SetPrescaler), (12 bytes).
    Removing stm32f10x_cec.o(i.CEC_StartOfMessage), (12 bytes).
    Removing stm32f10x_crc.o(.rev16_text), (4 bytes).
    Removing stm32f10x_crc.o(.revsh_text), (4 bytes).
    Removing stm32f10x_crc.o(.rrx_text), (6 bytes).
    Removing stm32f10x_crc.o(i.CRC_CalcBlockCRC), (36 bytes).
    Removing stm32f10x_crc.o(i.CRC_CalcCRC), (16 bytes).
    Removing stm32f10x_crc.o(i.CRC_GetCRC), (12 bytes).
    Removing stm32f10x_crc.o(i.CRC_GetIDRegister), (12 bytes).
    Removing stm32f10x_crc.o(i.CRC_ResetDR), (12 bytes).
    Removing stm32f10x_crc.o(i.CRC_SetIDRegister), (12 bytes).
    Removing stm32f10x_dac.o(.rev16_text), (4 bytes).
    Removing stm32f10x_dac.o(.revsh_text), (4 bytes).
    Removing stm32f10x_dac.o(.rrx_text), (6 bytes).
    Removing stm32f10x_dac.o(i.DAC_Cmd), (40 bytes).
    Removing stm32f10x_dac.o(i.DAC_DMACmd), (44 bytes).
    Removing stm32f10x_dac.o(i.DAC_DeInit), (22 bytes).
    Removing stm32f10x_dac.o(i.DAC_DualSoftwareTriggerCmd), (36 bytes).
    Removing stm32f10x_dac.o(i.DAC_GetDataOutputValue), (36 bytes).
    Removing stm32f10x_dac.o(i.DAC_Init), (52 bytes).
    Removing stm32f10x_dac.o(i.DAC_SetChannel1Data), (32 bytes).
    Removing stm32f10x_dac.o(i.DAC_SetChannel2Data), (32 bytes).
    Removing stm32f10x_dac.o(i.DAC_SetDualChannelData), (36 bytes).
    Removing stm32f10x_dac.o(i.DAC_SoftwareTriggerCmd), (44 bytes).
    Removing stm32f10x_dac.o(i.DAC_StructInit), (12 bytes).
    Removing stm32f10x_dac.o(i.DAC_WaveGenerationCmd), (40 bytes).
    Removing stm32f10x_dbgmcu.o(.rev16_text), (4 bytes).
    Removing stm32f10x_dbgmcu.o(.revsh_text), (4 bytes).
    Removing stm32f10x_dbgmcu.o(.rrx_text), (6 bytes).
    Removing stm32f10x_dbgmcu.o(i.DBGMCU_Config), (32 bytes).
    Removing stm32f10x_dbgmcu.o(i.DBGMCU_GetDEVID), (16 bytes).
    Removing stm32f10x_dbgmcu.o(i.DBGMCU_GetREVID), (12 bytes).
    Removing stm32f10x_dma.o(.rev16_text), (4 bytes).
    Removing stm32f10x_dma.o(.revsh_text), (4 bytes).
    Removing stm32f10x_dma.o(.rrx_text), (6 bytes).
    Removing stm32f10x_dma.o(i.DMA_ClearFlag), (28 bytes).
    Removing stm32f10x_dma.o(i.DMA_ClearITPendingBit), (28 bytes).
    Removing stm32f10x_dma.o(i.DMA_Cmd), (24 bytes).
    Removing stm32f10x_dma.o(i.DMA_DeInit), (332 bytes).
    Removing stm32f10x_dma.o(i.DMA_GetCurrDataCounter), (8 bytes).
    Removing stm32f10x_dma.o(i.DMA_GetFlagStatus), (44 bytes).
    Removing stm32f10x_dma.o(i.DMA_GetITStatus), (44 bytes).
    Removing stm32f10x_dma.o(i.DMA_ITConfig), (18 bytes).
    Removing stm32f10x_dma.o(i.DMA_Init), (60 bytes).
    Removing stm32f10x_dma.o(i.DMA_SetCurrDataCounter), (4 bytes).
    Removing stm32f10x_dma.o(i.DMA_StructInit), (26 bytes).
    Removing stm32f10x_exti.o(.rev16_text), (4 bytes).
    Removing stm32f10x_exti.o(.revsh_text), (4 bytes).
    Removing stm32f10x_exti.o(.rrx_text), (6 bytes).
    Removing stm32f10x_exti.o(i.EXTI_ClearFlag), (12 bytes).
    Removing stm32f10x_exti.o(i.EXTI_ClearITPendingBit), (12 bytes).
    Removing stm32f10x_exti.o(i.EXTI_DeInit), (36 bytes).
    Removing stm32f10x_exti.o(i.EXTI_GenerateSWInterrupt), (16 bytes).
    Removing stm32f10x_exti.o(i.EXTI_GetFlagStatus), (24 bytes).
    Removing stm32f10x_exti.o(i.EXTI_GetITStatus), (40 bytes).
    Removing stm32f10x_exti.o(i.EXTI_Init), (148 bytes).
    Removing stm32f10x_exti.o(i.EXTI_StructInit), (16 bytes).
    Removing stm32f10x_flash.o(.rev16_text), (4 bytes).
    Removing stm32f10x_flash.o(.revsh_text), (4 bytes).
    Removing stm32f10x_flash.o(.rrx_text), (6 bytes).
    Removing stm32f10x_flash.o(i.FLASH_ClearFlag), (12 bytes).
    Removing stm32f10x_flash.o(i.FLASH_EnableWriteProtection), (196 bytes).
    Removing stm32f10x_flash.o(i.FLASH_EraseAllBank1Pages), (72 bytes).
    Removing stm32f10x_flash.o(i.FLASH_EraseAllPages), (72 bytes).
    Removing stm32f10x_flash.o(i.FLASH_EraseOptionBytes), (168 bytes).
    Removing stm32f10x_flash.o(i.FLASH_ErasePage), (76 bytes).
    Removing stm32f10x_flash.o(i.FLASH_GetBank1Status), (52 bytes).
    Removing stm32f10x_flash.o(i.FLASH_GetFlagStatus), (48 bytes).
    Removing stm32f10x_flash.o(i.FLASH_GetPrefetchBufferStatus), (24 bytes).
    Removing stm32f10x_flash.o(i.FLASH_GetReadOutProtectionStatus), (24 bytes).
    Removing stm32f10x_flash.o(i.FLASH_GetStatus), (52 bytes).
    Removing stm32f10x_flash.o(i.FLASH_GetUserOptionByte), (12 bytes).
    Removing stm32f10x_flash.o(i.FLASH_GetWriteProtectionOptionByte), (12 bytes).
    Removing stm32f10x_flash.o(i.FLASH_HalfCycleAccessCmd), (28 bytes).
    Removing stm32f10x_flash.o(i.FLASH_ITConfig), (32 bytes).
    Removing stm32f10x_flash.o(i.FLASH_Lock), (20 bytes).
    Removing stm32f10x_flash.o(i.FLASH_LockBank1), (20 bytes).
    Removing stm32f10x_flash.o(i.FLASH_PrefetchBufferCmd), (28 bytes).
    Removing stm32f10x_flash.o(i.FLASH_ProgramHalfWord), (64 bytes).
    Removing stm32f10x_flash.o(i.FLASH_ProgramOptionByteData), (84 bytes).
    Removing stm32f10x_flash.o(i.FLASH_ProgramWord), (108 bytes).
    Removing stm32f10x_flash.o(i.FLASH_ReadOutProtection), (172 bytes).
    Removing stm32f10x_flash.o(i.FLASH_SetLatency), (24 bytes).
    Removing stm32f10x_flash.o(i.FLASH_Unlock), (24 bytes).
    Removing stm32f10x_flash.o(i.FLASH_UnlockBank1), (24 bytes).
    Removing stm32f10x_flash.o(i.FLASH_UserOptionByteConfig), (104 bytes).
    Removing stm32f10x_flash.o(i.FLASH_WaitForLastBank1Operation), (38 bytes).
    Removing stm32f10x_flash.o(i.FLASH_WaitForLastOperation), (38 bytes).
    Removing stm32f10x_fsmc.o(.rev16_text), (4 bytes).
    Removing stm32f10x_fsmc.o(.revsh_text), (4 bytes).
    Removing stm32f10x_fsmc.o(.rrx_text), (6 bytes).
    Removing stm32f10x_fsmc.o(i.FSMC_ClearFlag), (64 bytes).
    Removing stm32f10x_fsmc.o(i.FSMC_ClearITPendingBit), (72 bytes).
    Removing stm32f10x_fsmc.o(i.FSMC_GetECC), (28 bytes).
    Removing stm32f10x_fsmc.o(i.FSMC_GetFlagStatus), (56 bytes).
    Removing stm32f10x_fsmc.o(i.FSMC_GetITStatus), (68 bytes).
    Removing stm32f10x_fsmc.o(i.FSMC_ITConfig), (128 bytes).
    Removing stm32f10x_fsmc.o(i.FSMC_NANDCmd), (92 bytes).
    Removing stm32f10x_fsmc.o(i.FSMC_NANDDeInit), (68 bytes).
    Removing stm32f10x_fsmc.o(i.FSMC_NANDECCCmd), (92 bytes).
    Removing stm32f10x_fsmc.o(i.FSMC_NANDInit), (136 bytes).
    Removing stm32f10x_fsmc.o(i.FSMC_NANDStructInit), (54 bytes).
    Removing stm32f10x_fsmc.o(i.FSMC_NORSRAMCmd), (52 bytes).
    Removing stm32f10x_fsmc.o(i.FSMC_NORSRAMDeInit), (54 bytes).
    Removing stm32f10x_fsmc.o(i.FSMC_NORSRAMInit), (230 bytes).
    Removing stm32f10x_fsmc.o(i.FSMC_NORSRAMStructInit), (114 bytes).
    Removing stm32f10x_fsmc.o(i.FSMC_PCCARDCmd), (48 bytes).
    Removing stm32f10x_fsmc.o(i.FSMC_PCCARDDeInit), (40 bytes).
    Removing stm32f10x_fsmc.o(i.FSMC_PCCARDInit), (132 bytes).
    Removing stm32f10x_fsmc.o(i.FSMC_PCCARDStructInit), (60 bytes).
    Removing stm32f10x_gpio.o(.rev16_text), (4 bytes).
    Removing stm32f10x_gpio.o(.revsh_text), (4 bytes).
    Removing stm32f10x_gpio.o(.rrx_text), (6 bytes).
    Removing stm32f10x_gpio.o(i.GPIO_AFIODeInit), (20 bytes).
    Removing stm32f10x_gpio.o(i.GPIO_DeInit), (200 bytes).
    Removing stm32f10x_gpio.o(i.GPIO_ETH_MediaInterfaceConfig), (12 bytes).
    Removing stm32f10x_gpio.o(i.GPIO_EXTILineConfig), (64 bytes).
    Removing stm32f10x_gpio.o(i.GPIO_EventOutputCmd), (12 bytes).
    Removing stm32f10x_gpio.o(i.GPIO_EventOutputConfig), (32 bytes).
    Removing stm32f10x_gpio.o(i.GPIO_Init), (278 bytes).
    Removing stm32f10x_gpio.o(i.GPIO_PinLockConfig), (18 bytes).
    Removing stm32f10x_gpio.o(i.GPIO_PinRemapConfig), (144 bytes).
    Removing stm32f10x_gpio.o(i.GPIO_ReadInputData), (8 bytes).
    Removing stm32f10x_gpio.o(i.GPIO_ReadInputDataBit), (18 bytes).
    Removing stm32f10x_gpio.o(i.GPIO_ReadOutputData), (8 bytes).
    Removing stm32f10x_gpio.o(i.GPIO_ReadOutputDataBit), (18 bytes).
    Removing stm32f10x_gpio.o(i.GPIO_ResetBits), (4 bytes).
    Removing stm32f10x_gpio.o(i.GPIO_SetBits), (4 bytes).
    Removing stm32f10x_gpio.o(i.GPIO_StructInit), (16 bytes).
    Removing stm32f10x_gpio.o(i.GPIO_Write), (4 bytes).
    Removing stm32f10x_gpio.o(i.GPIO_WriteBit), (10 bytes).
    Removing stm32f10x_i2c.o(.rev16_text), (4 bytes).
    Removing stm32f10x_i2c.o(.revsh_text), (4 bytes).
    Removing stm32f10x_i2c.o(.rrx_text), (6 bytes).
    Removing stm32f10x_i2c.o(i.I2C_ARPCmd), (24 bytes).
    Removing stm32f10x_i2c.o(i.I2C_AcknowledgeConfig), (24 bytes).
    Removing stm32f10x_i2c.o(i.I2C_CalculatePEC), (24 bytes).
    Removing stm32f10x_i2c.o(i.I2C_CheckEvent), (42 bytes).
    Removing stm32f10x_i2c.o(i.I2C_ClearFlag), (12 bytes).
    Removing stm32f10x_i2c.o(i.I2C_ClearITPendingBit), (12 bytes).
    Removing stm32f10x_i2c.o(i.I2C_Cmd), (24 bytes).
    Removing stm32f10x_i2c.o(i.I2C_DMACmd), (24 bytes).
    Removing stm32f10x_i2c.o(i.I2C_DMALastTransferCmd), (24 bytes).
    Removing stm32f10x_i2c.o(i.I2C_DeInit), (56 bytes).
    Removing stm32f10x_i2c.o(i.I2C_DualAddressCmd), (24 bytes).
    Removing stm32f10x_i2c.o(i.I2C_FastModeDutyCycleConfig), (28 bytes).
    Removing stm32f10x_i2c.o(i.I2C_GeneralCallCmd), (24 bytes).
    Removing stm32f10x_i2c.o(i.I2C_GenerateSTART), (24 bytes).
    Removing stm32f10x_i2c.o(i.I2C_GenerateSTOP), (24 bytes).
    Removing stm32f10x_i2c.o(i.I2C_GetFlagStatus), (58 bytes).
    Removing stm32f10x_i2c.o(i.I2C_GetITStatus), (38 bytes).
    Removing stm32f10x_i2c.o(i.I2C_GetLastEvent), (26 bytes).
    Removing stm32f10x_i2c.o(i.I2C_GetPEC), (8 bytes).
    Removing stm32f10x_i2c.o(i.I2C_ITConfig), (18 bytes).
    Removing stm32f10x_i2c.o(i.I2C_Init), (236 bytes).
    Removing stm32f10x_i2c.o(i.I2C_NACKPositionConfig), (28 bytes).
    Removing stm32f10x_i2c.o(i.I2C_OwnAddress2Config), (22 bytes).
    Removing stm32f10x_i2c.o(i.I2C_PECPositionConfig), (28 bytes).
    Removing stm32f10x_i2c.o(i.I2C_ReadRegister), (22 bytes).
    Removing stm32f10x_i2c.o(i.I2C_ReceiveData), (8 bytes).
    Removing stm32f10x_i2c.o(i.I2C_SMBusAlertConfig), (28 bytes).
    Removing stm32f10x_i2c.o(i.I2C_Send7bitAddress), (18 bytes).
    Removing stm32f10x_i2c.o(i.I2C_SendData), (4 bytes).
    Removing stm32f10x_i2c.o(i.I2C_SoftwareResetCmd), (22 bytes).
    Removing stm32f10x_i2c.o(i.I2C_StretchClockCmd), (24 bytes).
    Removing stm32f10x_i2c.o(i.I2C_StructInit), (30 bytes).
    Removing stm32f10x_i2c.o(i.I2C_TransmitPEC), (24 bytes).
    Removing stm32f10x_iwdg.o(.rev16_text), (4 bytes).
    Removing stm32f10x_iwdg.o(.revsh_text), (4 bytes).
    Removing stm32f10x_iwdg.o(.rrx_text), (6 bytes).
    Removing stm32f10x_iwdg.o(i.IWDG_Enable), (16 bytes).
    Removing stm32f10x_iwdg.o(i.IWDG_GetFlagStatus), (24 bytes).
    Removing stm32f10x_iwdg.o(i.IWDG_ReloadCounter), (16 bytes).
    Removing stm32f10x_iwdg.o(i.IWDG_SetPrescaler), (12 bytes).
    Removing stm32f10x_iwdg.o(i.IWDG_SetReload), (12 bytes).
    Removing stm32f10x_iwdg.o(i.IWDG_WriteAccessCmd), (12 bytes).
    Removing stm32f10x_pwr.o(.rev16_text), (4 bytes).
    Removing stm32f10x_pwr.o(.revsh_text), (4 bytes).
    Removing stm32f10x_pwr.o(.rrx_text), (6 bytes).
    Removing stm32f10x_pwr.o(i.PWR_BackupAccessCmd), (12 bytes).
    Removing stm32f10x_pwr.o(i.PWR_ClearFlag), (20 bytes).
    Removing stm32f10x_pwr.o(i.PWR_DeInit), (22 bytes).
    Removing stm32f10x_pwr.o(i.PWR_EnterSTANDBYMode), (52 bytes).
    Removing stm32f10x_pwr.o(i.PWR_EnterSTOPMode), (64 bytes).
    Removing stm32f10x_pwr.o(i.PWR_GetFlagStatus), (24 bytes).
    Removing stm32f10x_pwr.o(i.PWR_PVDCmd), (12 bytes).
    Removing stm32f10x_pwr.o(i.PWR_PVDLevelConfig), (24 bytes).
    Removing stm32f10x_pwr.o(i.PWR_WakeUpPinCmd), (12 bytes).
    Removing stm32f10x_rcc.o(.rev16_text), (4 bytes).
    Removing stm32f10x_rcc.o(.revsh_text), (4 bytes).
    Removing stm32f10x_rcc.o(.rrx_text), (6 bytes).
    Removing stm32f10x_rcc.o(i.RCC_ADCCLKConfig), (24 bytes).
    Removing stm32f10x_rcc.o(i.RCC_AHBPeriphClockCmd), (32 bytes).
    Removing stm32f10x_rcc.o(i.RCC_APB1PeriphClockCmd), (32 bytes).
    Removing stm32f10x_rcc.o(i.RCC_APB1PeriphResetCmd), (32 bytes).
    Removing stm32f10x_rcc.o(i.RCC_APB2PeriphClockCmd), (32 bytes).
    Removing stm32f10x_rcc.o(i.RCC_APB2PeriphResetCmd), (32 bytes).
    Removing stm32f10x_rcc.o(i.RCC_AdjustHSICalibrationValue), (24 bytes).
    Removing stm32f10x_rcc.o(i.RCC_BackupResetCmd), (12 bytes).
    Removing stm32f10x_rcc.o(i.RCC_ClearFlag), (20 bytes).
    Removing stm32f10x_rcc.o(i.RCC_ClearITPendingBit), (12 bytes).
    Removing stm32f10x_rcc.o(i.RCC_ClockSecuritySystemCmd), (12 bytes).
    Removing stm32f10x_rcc.o(i.RCC_DeInit), (76 bytes).
    Removing stm32f10x_rcc.o(i.RCC_GetFlagStatus), (60 bytes).
    Removing stm32f10x_rcc.o(i.RCC_GetITStatus), (24 bytes).
    Removing stm32f10x_rcc.o(i.RCC_GetSYSCLKSource), (16 bytes).
    Removing stm32f10x_rcc.o(i.RCC_HCLKConfig), (24 bytes).
    Removing stm32f10x_rcc.o(i.RCC_HSEConfig), (76 bytes).
    Removing stm32f10x_rcc.o(i.RCC_HSICmd), (12 bytes).
    Removing stm32f10x_rcc.o(i.RCC_ITConfig), (32 bytes).
    Removing stm32f10x_rcc.o(i.RCC_LSEConfig), (52 bytes).
    Removing stm32f10x_rcc.o(i.RCC_LSICmd), (12 bytes).
    Removing stm32f10x_rcc.o(i.RCC_MCOConfig), (12 bytes).
    Removing stm32f10x_rcc.o(i.RCC_PCLK1Config), (24 bytes).
    Removing stm32f10x_rcc.o(i.RCC_PCLK2Config), (24 bytes).
    Removing stm32f10x_rcc.o(i.RCC_PLLCmd), (12 bytes).
    Removing stm32f10x_rcc.o(i.RCC_PLLConfig), (28 bytes).
    Removing stm32f10x_rcc.o(i.RCC_RTCCLKCmd), (12 bytes).
    Removing stm32f10x_rcc.o(i.RCC_RTCCLKConfig), (16 bytes).
    Removing stm32f10x_rcc.o(i.RCC_SYSCLKConfig), (24 bytes).
    Removing stm32f10x_rcc.o(i.RCC_USBCLKConfig), (12 bytes).
    Removing stm32f10x_rcc.o(i.RCC_WaitForHSEStartUp), (56 bytes).
    Removing stm32f10x_rtc.o(.rev16_text), (4 bytes).
    Removing stm32f10x_rtc.o(.revsh_text), (4 bytes).
    Removing stm32f10x_rtc.o(.rrx_text), (6 bytes).
    Removing stm32f10x_rtc.o(i.RTC_ClearFlag), (16 bytes).
    Removing stm32f10x_rtc.o(i.RTC_ClearITPendingBit), (16 bytes).
    Removing stm32f10x_rtc.o(i.RTC_EnterConfigMode), (20 bytes).
    Removing stm32f10x_rtc.o(i.RTC_ExitConfigMode), (20 bytes).
    Removing stm32f10x_rtc.o(i.RTC_GetCounter), (20 bytes).
    Removing stm32f10x_rtc.o(i.RTC_GetDivider), (24 bytes).
    Removing stm32f10x_rtc.o(i.RTC_GetFlagStatus), (24 bytes).
    Removing stm32f10x_rtc.o(i.RTC_GetITStatus), (36 bytes).
    Removing stm32f10x_rtc.o(i.RTC_ITConfig), (32 bytes).
    Removing stm32f10x_rtc.o(i.RTC_SetAlarm), (28 bytes).
    Removing stm32f10x_rtc.o(i.RTC_SetCounter), (28 bytes).
    Removing stm32f10x_rtc.o(i.RTC_SetPrescaler), (32 bytes).
    Removing stm32f10x_rtc.o(i.RTC_WaitForLastTask), (20 bytes).
    Removing stm32f10x_rtc.o(i.RTC_WaitForSynchro), (36 bytes).
    Removing stm32f10x_sdio.o(.rev16_text), (4 bytes).
    Removing stm32f10x_sdio.o(.revsh_text), (4 bytes).
    Removing stm32f10x_sdio.o(.rrx_text), (6 bytes).
    Removing stm32f10x_sdio.o(i.SDIO_CEATAITCmd), (16 bytes).
    Removing stm32f10x_sdio.o(i.SDIO_ClearFlag), (12 bytes).
    Removing stm32f10x_sdio.o(i.SDIO_ClearITPendingBit), (12 bytes).
    Removing stm32f10x_sdio.o(i.SDIO_ClockCmd), (12 bytes).
    Removing stm32f10x_sdio.o(i.SDIO_CmdStructInit), (14 bytes).
    Removing stm32f10x_sdio.o(i.SDIO_CommandCompletionCmd), (12 bytes).
    Removing stm32f10x_sdio.o(i.SDIO_DMACmd), (12 bytes).
    Removing stm32f10x_sdio.o(i.SDIO_DataConfig), (48 bytes).
    Removing stm32f10x_sdio.o(i.SDIO_DataStructInit), (20 bytes).
    Removing stm32f10x_sdio.o(i.SDIO_DeInit), (36 bytes).
    Removing stm32f10x_sdio.o(i.SDIO_GetCommandResponse), (12 bytes).
    Removing stm32f10x_sdio.o(i.SDIO_GetDataCounter), (12 bytes).
    Removing stm32f10x_sdio.o(i.SDIO_GetFIFOCount), (12 bytes).
    Removing stm32f10x_sdio.o(i.SDIO_GetFlagStatus), (24 bytes).
    Removing stm32f10x_sdio.o(i.SDIO_GetITStatus), (24 bytes).
    Removing stm32f10x_sdio.o(i.SDIO_GetPowerState), (16 bytes).
    Removing stm32f10x_sdio.o(i.SDIO_GetResponse), (24 bytes).
    Removing stm32f10x_sdio.o(i.SDIO_ITConfig), (32 bytes).
    Removing stm32f10x_sdio.o(i.SDIO_Init), (48 bytes).
    Removing stm32f10x_sdio.o(i.SDIO_ReadData), (12 bytes).
    Removing stm32f10x_sdio.o(i.SDIO_SendCEATACmd), (12 bytes).
    Removing stm32f10x_sdio.o(i.SDIO_SendCommand), (44 bytes).
    Removing stm32f10x_sdio.o(i.SDIO_SendSDIOSuspendCmd), (12 bytes).
    Removing stm32f10x_sdio.o(i.SDIO_SetPowerState), (28 bytes).
    Removing stm32f10x_sdio.o(i.SDIO_SetSDIOOperation), (12 bytes).
    Removing stm32f10x_sdio.o(i.SDIO_SetSDIOReadWaitMode), (12 bytes).
    Removing stm32f10x_sdio.o(i.SDIO_StartSDIOReadWait), (12 bytes).
    Removing stm32f10x_sdio.o(i.SDIO_StopSDIOReadWait), (12 bytes).
    Removing stm32f10x_sdio.o(i.SDIO_StructInit), (16 bytes).
    Removing stm32f10x_sdio.o(i.SDIO_WriteData), (12 bytes).
    Removing stm32f10x_spi.o(.rev16_text), (4 bytes).
    Removing stm32f10x_spi.o(.revsh_text), (4 bytes).
    Removing stm32f10x_spi.o(.rrx_text), (6 bytes).
    Removing stm32f10x_spi.o(i.I2S_Cmd), (24 bytes).
    Removing stm32f10x_spi.o(i.I2S_Init), (232 bytes).
    Removing stm32f10x_spi.o(i.I2S_StructInit), (20 bytes).
    Removing stm32f10x_spi.o(i.SPI_BiDirectionalLineConfig), (28 bytes).
    Removing stm32f10x_spi.o(i.SPI_CalculateCRC), (24 bytes).
    Removing stm32f10x_spi.o(i.SPI_Cmd), (24 bytes).
    Removing stm32f10x_spi.o(i.SPI_DataSizeConfig), (18 bytes).
    Removing stm32f10x_spi.o(i.SPI_GetCRC), (16 bytes).
    Removing stm32f10x_spi.o(i.SPI_GetCRCPolynomial), (6 bytes).
    Removing stm32f10x_spi.o(i.SPI_I2S_ClearFlag), (6 bytes).
    Removing stm32f10x_spi.o(i.SPI_I2S_ClearITPendingBit), (20 bytes).
    Removing stm32f10x_spi.o(i.SPI_I2S_DMACmd), (18 bytes).
    Removing stm32f10x_spi.o(i.SPI_I2S_DeInit), (88 bytes).
    Removing stm32f10x_spi.o(i.SPI_I2S_GetFlagStatus), (18 bytes).
    Removing stm32f10x_spi.o(i.SPI_I2S_GetITStatus), (52 bytes).
    Removing stm32f10x_spi.o(i.SPI_I2S_ITConfig), (32 bytes).
    Removing stm32f10x_spi.o(i.SPI_I2S_ReceiveData), (6 bytes).
    Removing stm32f10x_spi.o(i.SPI_I2S_SendData), (4 bytes).
    Removing stm32f10x_spi.o(i.SPI_Init), (60 bytes).
    Removing stm32f10x_spi.o(i.SPI_NSSInternalSoftwareConfig), (30 bytes).
    Removing stm32f10x_spi.o(i.SPI_SSOutputCmd), (24 bytes).
    Removing stm32f10x_spi.o(i.SPI_StructInit), (24 bytes).
    Removing stm32f10x_spi.o(i.SPI_TransmitCRC), (10 bytes).
    Removing stm32f10x_tim.o(.rev16_text), (4 bytes).
    Removing stm32f10x_tim.o(.revsh_text), (4 bytes).
    Removing stm32f10x_tim.o(.rrx_text), (6 bytes).
    Removing stm32f10x_tim.o(i.TI1_Config), (128 bytes).
    Removing stm32f10x_tim.o(i.TI2_Config), (152 bytes).
    Removing stm32f10x_tim.o(i.TI3_Config), (144 bytes).
    Removing stm32f10x_tim.o(i.TI4_Config), (152 bytes).
    Removing stm32f10x_tim.o(i.TIM_ARRPreloadConfig), (24 bytes).
    Removing stm32f10x_tim.o(i.TIM_BDTRConfig), (32 bytes).
    Removing stm32f10x_tim.o(i.TIM_BDTRStructInit), (18 bytes).
    Removing stm32f10x_tim.o(i.TIM_CCPreloadControl), (24 bytes).
    Removing stm32f10x_tim.o(i.TIM_CCxCmd), (30 bytes).
    Removing stm32f10x_tim.o(i.TIM_CCxNCmd), (30 bytes).
    Removing stm32f10x_tim.o(i.TIM_ClearFlag), (6 bytes).
    Removing stm32f10x_tim.o(i.TIM_ClearOC1Ref), (18 bytes).
    Removing stm32f10x_tim.o(i.TIM_ClearOC2Ref), (24 bytes).
    Removing stm32f10x_tim.o(i.TIM_ClearOC3Ref), (18 bytes).
    Removing stm32f10x_tim.o(i.TIM_ClearOC4Ref), (24 bytes).
    Removing stm32f10x_tim.o(i.TIM_CounterModeConfig), (18 bytes).
    Removing stm32f10x_tim.o(i.TIM_CtrlPWMOutputs), (30 bytes).
    Removing stm32f10x_tim.o(i.TIM_DMACmd), (18 bytes).
    Removing stm32f10x_tim.o(i.TIM_DMAConfig), (10 bytes).
    Removing stm32f10x_tim.o(i.TIM_DeInit), (488 bytes).
    Removing stm32f10x_tim.o(i.TIM_ETRClockMode1Config), (54 bytes).
    Removing stm32f10x_tim.o(i.TIM_ETRClockMode2Config), (32 bytes).
    Removing stm32f10x_tim.o(i.TIM_ETRConfig), (28 bytes).
    Removing stm32f10x_tim.o(i.TIM_EncoderInterfaceConfig), (66 bytes).
    Removing stm32f10x_tim.o(i.TIM_ForcedOC1Config), (18 bytes).
    Removing stm32f10x_tim.o(i.TIM_ForcedOC2Config), (26 bytes).
    Removing stm32f10x_tim.o(i.TIM_ForcedOC3Config), (18 bytes).
    Removing stm32f10x_tim.o(i.TIM_ForcedOC4Config), (26 bytes).
    Removing stm32f10x_tim.o(i.TIM_GenerateEvent), (4 bytes).
    Removing stm32f10x_tim.o(i.TIM_GetCapture1), (6 bytes).
    Removing stm32f10x_tim.o(i.TIM_GetCapture2), (6 bytes).
    Removing stm32f10x_tim.o(i.TIM_GetCapture3), (6 bytes).
    Removing stm32f10x_tim.o(i.TIM_GetCapture4), (8 bytes).
    Removing stm32f10x_tim.o(i.TIM_GetCounter), (6 bytes).
    Removing stm32f10x_tim.o(i.TIM_GetFlagStatus), (18 bytes).
    Removing stm32f10x_tim.o(i.TIM_GetPrescaler), (6 bytes).
    Removing stm32f10x_tim.o(i.TIM_ICInit), (172 bytes).
    Removing stm32f10x_tim.o(i.TIM_ICStructInit), (18 bytes).
    Removing stm32f10x_tim.o(i.TIM_ITConfig), (18 bytes).
    Removing stm32f10x_tim.o(i.TIM_ITRxExternalClockConfig), (24 bytes).
    Removing stm32f10x_tim.o(i.TIM_InternalClockConfig), (12 bytes).
    Removing stm32f10x_tim.o(i.TIM_OC1FastConfig), (18 bytes).
    Removing stm32f10x_tim.o(i.TIM_OC1Init), (152 bytes).
    Removing stm32f10x_tim.o(i.TIM_OC1NPolarityConfig), (18 bytes).
    Removing stm32f10x_tim.o(i.TIM_OC1PolarityConfig), (18 bytes).
    Removing stm32f10x_tim.o(i.TIM_OC1PreloadConfig), (18 bytes).
    Removing stm32f10x_tim.o(i.TIM_OC2FastConfig), (26 bytes).
    Removing stm32f10x_tim.o(i.TIM_OC2Init), (164 bytes).
    Removing stm32f10x_tim.o(i.TIM_OC2NPolarityConfig), (26 bytes).
    Removing stm32f10x_tim.o(i.TIM_OC2PolarityConfig), (26 bytes).
    Removing stm32f10x_tim.o(i.TIM_OC2PreloadConfig), (26 bytes).
    Removing stm32f10x_tim.o(i.TIM_OC3FastConfig), (18 bytes).
    Removing stm32f10x_tim.o(i.TIM_OC3Init), (160 bytes).
    Removing stm32f10x_tim.o(i.TIM_OC3NPolarityConfig), (26 bytes).
    Removing stm32f10x_tim.o(i.TIM_OC3PolarityConfig), (26 bytes).
    Removing stm32f10x_tim.o(i.TIM_OC3PreloadConfig), (18 bytes).
    Removing stm32f10x_tim.o(i.TIM_OC4FastConfig), (26 bytes).
    Removing stm32f10x_tim.o(i.TIM_OC4Init), (124 bytes).
    Removing stm32f10x_tim.o(i.TIM_OC4PolarityConfig), (26 bytes).
    Removing stm32f10x_tim.o(i.TIM_OC4PreloadConfig), (26 bytes).
    Removing stm32f10x_tim.o(i.TIM_OCStructInit), (20 bytes).
    Removing stm32f10x_tim.o(i.TIM_PWMIConfig), (124 bytes).
    Removing stm32f10x_tim.o(i.TIM_PrescalerConfig), (6 bytes).
    Removing stm32f10x_tim.o(i.TIM_SelectCCDMA), (24 bytes).
    Removing stm32f10x_tim.o(i.TIM_SelectCOM), (24 bytes).
    Removing stm32f10x_tim.o(i.TIM_SelectHallSensor), (24 bytes).
    Removing stm32f10x_tim.o(i.TIM_SelectInputTrigger), (18 bytes).
    Removing stm32f10x_tim.o(i.TIM_SelectMasterSlaveMode), (18 bytes).
    Removing stm32f10x_tim.o(i.TIM_SelectOCxM), (82 bytes).
    Removing stm32f10x_tim.o(i.TIM_SelectOnePulseMode), (18 bytes).
    Removing stm32f10x_tim.o(i.TIM_SelectOutputTrigger), (18 bytes).
    Removing stm32f10x_tim.o(i.TIM_SelectSlaveMode), (18 bytes).
    Removing stm32f10x_tim.o(i.TIM_SetAutoreload), (4 bytes).
    Removing stm32f10x_tim.o(i.TIM_SetClockDivision), (18 bytes).
    Removing stm32f10x_tim.o(i.TIM_SetCompare1), (4 bytes).
    Removing stm32f10x_tim.o(i.TIM_SetCompare2), (4 bytes).
    Removing stm32f10x_tim.o(i.TIM_SetCompare3), (4 bytes).
    Removing stm32f10x_tim.o(i.TIM_SetCompare4), (6 bytes).
    Removing stm32f10x_tim.o(i.TIM_SetCounter), (4 bytes).
    Removing stm32f10x_tim.o(i.TIM_SetIC1Prescaler), (18 bytes).
    Removing stm32f10x_tim.o(i.TIM_SetIC2Prescaler), (26 bytes).
    Removing stm32f10x_tim.o(i.TIM_SetIC3Prescaler), (18 bytes).
    Removing stm32f10x_tim.o(i.TIM_SetIC4Prescaler), (26 bytes).
    Removing stm32f10x_tim.o(i.TIM_TIxExternalClockConfig), (62 bytes).
    Removing stm32f10x_tim.o(i.TIM_TimeBaseInit), (164 bytes).
    Removing stm32f10x_tim.o(i.TIM_TimeBaseStructInit), (18 bytes).
    Removing stm32f10x_tim.o(i.TIM_UpdateDisableConfig), (24 bytes).
    Removing stm32f10x_tim.o(i.TIM_UpdateRequestConfig), (24 bytes).
    Removing stm32f10x_usart.o(.rev16_text), (4 bytes).
    Removing stm32f10x_usart.o(.revsh_text), (4 bytes).
    Removing stm32f10x_usart.o(.rrx_text), (6 bytes).
    Removing stm32f10x_usart.o(i.USART_ClearFlag), (18 bytes).
    Removing stm32f10x_usart.o(i.USART_ClearITPendingBit), (30 bytes).
    Removing stm32f10x_usart.o(i.USART_ClockInit), (34 bytes).
    Removing stm32f10x_usart.o(i.USART_ClockStructInit), (12 bytes).
    Removing stm32f10x_usart.o(i.USART_Cmd), (24 bytes).
    Removing stm32f10x_usart.o(i.USART_DMACmd), (18 bytes).
    Removing stm32f10x_usart.o(i.USART_DeInit), (156 bytes).
    Removing stm32f10x_usart.o(i.USART_GetFlagStatus), (26 bytes).
    Removing stm32f10x_usart.o(i.USART_GetITStatus), (84 bytes).
    Removing stm32f10x_usart.o(i.USART_HalfDuplexCmd), (24 bytes).
    Removing stm32f10x_usart.o(i.USART_ITConfig), (74 bytes).
    Removing stm32f10x_usart.o(i.USART_Init), (216 bytes).
    Removing stm32f10x_usart.o(i.USART_IrDACmd), (24 bytes).
    Removing stm32f10x_usart.o(i.USART_IrDAConfig), (18 bytes).
    Removing stm32f10x_usart.o(i.USART_LINBreakDetectLengthConfig), (18 bytes).
    Removing stm32f10x_usart.o(i.USART_LINCmd), (24 bytes).
    Removing stm32f10x_usart.o(i.USART_OneBitMethodCmd), (24 bytes).
    Removing stm32f10x_usart.o(i.USART_OverSampling8Cmd), (22 bytes).
    Removing stm32f10x_usart.o(i.USART_ReceiveData), (10 bytes).
    Removing stm32f10x_usart.o(i.USART_ReceiverWakeUpCmd), (24 bytes).
    Removing stm32f10x_usart.o(i.USART_SendBreak), (10 bytes).
    Removing stm32f10x_usart.o(i.USART_SendData), (8 bytes).
    Removing stm32f10x_usart.o(i.USART_SetAddress), (18 bytes).
    Removing stm32f10x_usart.o(i.USART_SetGuardTime), (16 bytes).
    Removing stm32f10x_usart.o(i.USART_SetPrescaler), (16 bytes).
    Removing stm32f10x_usart.o(i.USART_SmartCardCmd), (24 bytes).
    Removing stm32f10x_usart.o(i.USART_SmartCardNACKCmd), (24 bytes).
    Removing stm32f10x_usart.o(i.USART_StructInit), (24 bytes).
    Removing stm32f10x_usart.o(i.USART_WakeUpConfig), (18 bytes).
    Removing stm32f10x_wwdg.o(.rev16_text), (4 bytes).
    Removing stm32f10x_wwdg.o(.revsh_text), (4 bytes).
    Removing stm32f10x_wwdg.o(.rrx_text), (6 bytes).
    Removing stm32f10x_wwdg.o(i.WWDG_ClearFlag), (12 bytes).
    Removing stm32f10x_wwdg.o(i.WWDG_DeInit), (22 bytes).
    Removing stm32f10x_wwdg.o(i.WWDG_Enable), (16 bytes).
    Removing stm32f10x_wwdg.o(i.WWDG_EnableIT), (12 bytes).
    Removing stm32f10x_wwdg.o(i.WWDG_GetFlagStatus), (12 bytes).
    Removing stm32f10x_wwdg.o(i.WWDG_SetCounter), (16 bytes).
    Removing stm32f10x_wwdg.o(i.WWDG_SetPrescaler), (24 bytes).
    Removing stm32f10x_wwdg.o(i.WWDG_SetWindowValue), (40 bytes).
    Removing system_stm32f10x.o(.rev16_text), (4 bytes).
    Removing system_stm32f10x.o(.revsh_text), (4 bytes).
    Removing system_stm32f10x.o(.rrx_text), (6 bytes).
    Removing system_stm32f10x.o(i.SystemCoreClockUpdate), (164 bytes).
    Removing system_stm32f10x.o(.data), (20 bytes).
    Removing USART_DEBUG.o(.rev16_text), (4 bytes).
    Removing USART_DEBUG.o(.revsh_text), (4 bytes).
    Removing USART_DEBUG.o(.rrx_text), (6 bytes).
    Removing USART_DEBUG.o(i.fgetc), (32 bytes).
    Removing USART_DEBUG.o(i.fputc), (36 bytes).
    Removing LCD_12864_Parallel.o(.rev16_text), (4 bytes).
    Removing LCD_12864_Parallel.o(.revsh_text), (4 bytes).
    Removing LCD_12864_Parallel.o(.rrx_text), (6 bytes).
    Removing LCD_12864_Parallel.o(i._ZN18LCD_12864_Parallel10Check_BusyEv), (92 bytes).
    Removing LCD_12864_Parallel.o(i._ZN18LCD_12864_Parallel10Draw_PointEhhh), (354 bytes).
    Removing LCD_12864_Parallel.o(i._ZN18LCD_12864_Parallel10Read_GDRAMEhh), (66 bytes).
    Removing LCD_12864_Parallel.o(i._ZN18LCD_12864_Parallel10Write_DataEh), (66 bytes).
    Removing LCD_12864_Parallel.o(i._ZN18LCD_12864_Parallel11Clear_DDRAMEv), (26 bytes).
    Removing LCD_12864_Parallel.o(i._ZN18LCD_12864_Parallel11Clear_GDRAMEv), (162 bytes).
    Removing LCD_12864_Parallel.o(i._ZN18LCD_12864_Parallel11Read_StatusEv), (6 bytes).
    Removing LCD_12864_Parallel.o(i._ZN18LCD_12864_Parallel11Show_StringEPhtt), (178 bytes).
    Removing LCD_12864_Parallel.o(i._ZN18LCD_12864_Parallel12Receive_ByteEv), (6 bytes).
    Removing LCD_12864_Parallel.o(i._ZN18LCD_12864_Parallel12Set_GDRAMaddEhh), (38 bytes).
    Removing LCD_12864_Parallel.o(i._ZN18LCD_12864_Parallel13Display_CGRAMEhhh), (50 bytes).
    Removing LCD_12864_Parallel.o(i._ZN18LCD_12864_Parallel13Display_ImageEPh), (162 bytes).
    Removing LCD_12864_Parallel.o(i._ZN18LCD_12864_Parallel14Draw_RectangleEhhhhh), (1904 bytes).
    Removing LCD_12864_Parallel.o(i._ZN18LCD_12864_Parallel16Draw_Rectangle_1Ehhhhh), (60 bytes).
    Removing LCD_12864_Parallel.o(i._ZN18LCD_12864_Parallel3PosEhh), (56 bytes).
    Removing LCD_12864_Parallel.o(i._ZN18LCD_12864_Parallel4InitEv), (74 bytes).
    Removing LCD_12864_Parallel.o(i._ZN18LCD_12864_Parallel6UpdateE24LCD_12864_Param_Parallel), (38 bytes).
    Removing LCD_12864_Parallel.o(i._ZN18LCD_12864_Parallel8Pin_InitEv), (160 bytes).
    Removing LCD_12864_Parallel.o(i._ZN18LCD_12864_Parallel9Read_DataEv), (88 bytes).
    Removing LCD_12864_Parallel.o(i._ZN18LCD_12864_Parallel9Send_ByteEh), (2 bytes).
    Removing LCD_12864_Parallel.o(i._ZN18LCD_12864_Parallel9Set_CGRAMEhPh), (108 bytes).
    Removing LCD_12864_Parallel.o(i._ZN18LCD_12864_Parallel9Set_ParamE24LCD_12864_Param_Parallel), (22 bytes).
    Removing LCD_12864_Parallel.o(i._ZN18LCD_12864_Parallel9Write_CmdEh), (66 bytes).
    Removing LCD_12864_Parallel.o(i._ZN18LCD_12864_ParallelC1E24LCD_12864_Param_Parallel), (96 bytes).
    Removing LCD_12864_Parallel.o(i._ZN18LCD_12864_ParallelC1Ev), (72 bytes).
    Removing LCD_12864_Parallel.o(.ARM.exidx), (8 bytes).
    Removing LCD_12864_Parallel.o(.ARM.exidx), (8 bytes).
    Removing LCD_12864_Parallel.o(.ARM.exidx), (8 bytes).
    Removing LCD_12864_Parallel.o(.ARM.exidx), (8 bytes).
    Removing LCD_12864_Parallel.o(.ARM.exidx), (8 bytes).
    Removing LCD_12864_Parallel.o(.ARM.exidx), (8 bytes).
    Removing LCD_12864_Parallel.o(.ARM.exidx), (8 bytes).
    Removing LCD_12864_Parallel.o(.ARM.exidx), (8 bytes).
    Removing LCD_12864_Parallel.o(.ARM.exidx), (8 bytes).
    Removing LCD_12864_Parallel.o(.ARM.exidx), (8 bytes).
    Removing LCD_12864_Parallel.o(.ARM.exidx), (8 bytes).
    Removing LCD_12864_Parallel.o(.ARM.exidx), (8 bytes).
    Removing LCD_12864_Parallel.o(.ARM.exidx), (8 bytes).
    Removing LCD_12864_Parallel.o(.ARM.exidx), (8 bytes).
    Removing LCD_12864_Parallel.o(.ARM.exidx), (8 bytes).
    Removing LCD_12864_Parallel.o(.ARM.exidx), (8 bytes).
    Removing LCD_12864_Parallel.o(.ARM.exidx), (8 bytes).
    Removing LCD_12864_Parallel.o(.ARM.exidx), (8 bytes).
    Removing LCD_12864_Parallel.o(.ARM.exidx), (8 bytes).
    Removing LCD_12864_Parallel.o(.ARM.exidx), (8 bytes).
    Removing LCD_12864_Parallel.o(.ARM.exidx), (8 bytes).
    Removing LCD_12864_Parallel.o(.ARM.exidx), (8 bytes).
    Removing LCD_12864_Parallel.o(.ARM.exidx), (8 bytes).
    Removing LCD_12864_Parallel.o(.ARM.exidx), (8 bytes).
    Removing LCD_12864_Parallel.o(.ARM.exidx), (8 bytes).
    Removing LCD_12864_Serial.o(.rev16_text), (4 bytes).
    Removing LCD_12864_Serial.o(.revsh_text), (4 bytes).
    Removing LCD_12864_Serial.o(.rrx_text), (6 bytes).
    Removing LCD_12864_Serial.o(i._ZN16LCD_12864_Serial10Check_BusyEv), (24 bytes).
    Removing LCD_12864_Serial.o(i._ZN16LCD_12864_Serial10Draw_PointEhhh), (2 bytes).
    Removing LCD_12864_Serial.o(i._ZN16LCD_12864_Serial10Read_GDRAMEhh), (2 bytes).
    Removing LCD_12864_Serial.o(i._ZN16LCD_12864_Serial10Write_DataEh), (72 bytes).
    Removing LCD_12864_Serial.o(i._ZN16LCD_12864_Serial11Clear_DDRAMEv), (26 bytes).
    Removing LCD_12864_Serial.o(i._ZN16LCD_12864_Serial11Clear_GDRAMEv), (152 bytes).
    Removing LCD_12864_Serial.o(i._ZN16LCD_12864_Serial11Read_StatusEv), (24 bytes).
    Removing LCD_12864_Serial.o(i._ZN16LCD_12864_Serial11Show_StringEPhtt), (178 bytes).
    Removing LCD_12864_Serial.o(i._ZN16LCD_12864_Serial12Receive_ByteEv), (184 bytes).
    Removing LCD_12864_Serial.o(i._ZN16LCD_12864_Serial12Set_GDRAMaddEhh), (38 bytes).
    Removing LCD_12864_Serial.o(i._ZN16LCD_12864_Serial13Display_CGRAMEhhh), (50 bytes).
    Removing LCD_12864_Serial.o(i._ZN16LCD_12864_Serial13Display_ImageEPh), (162 bytes).
    Removing LCD_12864_Serial.o(i._ZN16LCD_12864_Serial14Draw_RectangleEhhhhh), (8 bytes).
    Removing LCD_12864_Serial.o(i._ZN16LCD_12864_Serial16Draw_Rectangle_1Ehhhhh), (8 bytes).
    Removing LCD_12864_Serial.o(i._ZN16LCD_12864_Serial3PosEhh), (56 bytes).
    Removing LCD_12864_Serial.o(i._ZN16LCD_12864_Serial4InitEv), (74 bytes).
    Removing LCD_12864_Serial.o(i._ZN16LCD_12864_Serial6UpdateE22LCD_12864_Param_Serial), (38 bytes).
    Removing LCD_12864_Serial.o(i._ZN16LCD_12864_Serial8Pin_InitEv), (120 bytes).
    Removing LCD_12864_Serial.o(i._ZN16LCD_12864_Serial9Read_DataEv), (24 bytes).
    Removing LCD_12864_Serial.o(i._ZN16LCD_12864_Serial9Send_ByteEh), (88 bytes).
    Removing LCD_12864_Serial.o(i._ZN16LCD_12864_Serial9Set_CGRAMEhPh), (108 bytes).
    Removing LCD_12864_Serial.o(i._ZN16LCD_12864_Serial9Set_ParamE22LCD_12864_Param_Serial), (22 bytes).
    Removing LCD_12864_Serial.o(i._ZN16LCD_12864_Serial9Write_CmdEh), (72 bytes).
    Removing LCD_12864_Serial.o(i._ZN16LCD_12864_SerialC1E22LCD_12864_Param_Serial), (84 bytes).
    Removing LCD_12864_Serial.o(i._ZN16LCD_12864_SerialC1Ev), (60 bytes).
    Removing LCD_12864_Serial.o(.ARM.exidx), (8 bytes).
    Removing LCD_12864_Serial.o(.ARM.exidx), (8 bytes).
    Removing LCD_12864_Serial.o(.ARM.exidx), (8 bytes).
    Removing LCD_12864_Serial.o(.ARM.exidx), (8 bytes).
    Removing LCD_12864_Serial.o(.ARM.exidx), (8 bytes).
    Removing LCD_12864_Serial.o(.ARM.exidx), (8 bytes).
    Removing LCD_12864_Serial.o(.ARM.exidx), (8 bytes).
    Removing LCD_12864_Serial.o(.ARM.exidx), (8 bytes).
    Removing LCD_12864_Serial.o(.ARM.exidx), (8 bytes).
    Removing LCD_12864_Serial.o(.ARM.exidx), (8 bytes).
    Removing LCD_12864_Serial.o(.ARM.exidx), (8 bytes).
    Removing LCD_12864_Serial.o(.ARM.exidx), (8 bytes).
    Removing LCD_12864_Serial.o(.ARM.exidx), (8 bytes).
    Removing LCD_12864_Serial.o(.ARM.exidx), (8 bytes).
    Removing LCD_12864_Serial.o(.ARM.exidx), (8 bytes).
    Removing LCD_12864_Serial.o(.ARM.exidx), (8 bytes).
    Removing LCD_12864_Serial.o(.ARM.exidx), (8 bytes).
    Removing LCD_12864_Serial.o(.ARM.exidx), (8 bytes).
    Removing LCD_12864_Serial.o(.ARM.exidx), (8 bytes).
    Removing LCD_12864_Serial.o(.ARM.exidx), (8 bytes).
    Removing LCD_12864_Serial.o(.ARM.exidx), (8 bytes).
    Removing LCD_12864_Serial.o(.ARM.exidx), (8 bytes).
    Removing LCD_12864_Serial.o(.ARM.exidx), (8 bytes).
    Removing LCD_12864_Serial.o(.ARM.exidx), (8 bytes).
    Removing LCD_12864_Serial.o(.ARM.exidx), (8 bytes).
    Removing AT24C02.o(.rev16_text), (4 bytes).
    Removing AT24C02.o(.revsh_text), (4 bytes).
    Removing AT24C02.o(.rrx_text), (6 bytes).
    Removing AT24C02.o(i._ZN7AT24C0210Write_ByteEhh), (408 bytes).
    Removing AT24C02.o(i._ZN7AT24C0210Write_PageEhPhh), (432 bytes).
    Removing AT24C02.o(i._ZN7AT24C0211Read_BufferEhPhh), (588 bytes).
    Removing AT24C02.o(i._ZN7AT24C0212Write_BufferEhPhh), (86 bytes).
    Removing AT24C02.o(i._ZN7AT24C0218Check_AT24C02_BusyEv), (260 bytes).
    Removing AT24C02.o(i._ZN7AT24C0218Set_AT24C02x_ParamE13AT24C02_Param), (12 bytes).
    Removing AT24C02.o(i._ZN7AT24C024InitEv), (60 bytes).
    Removing AT24C02.o(i._ZN7AT24C026UpdateE13AT24C02_Param), (22 bytes).
    Removing AT24C02.o(i._ZN7AT24C02C1E13AT24C02_Param), (18 bytes).
    Removing AT24C02.o(i._ZN7AT24C02C1Ev), (2 bytes).
    Removing AT24C02.o(i._ZN7AT24C02D1Ev), (2 bytes).
    Removing AT24C02.o(.ARM.exidx), (8 bytes).
    Removing AT24C02.o(.ARM.exidx), (8 bytes).
    Removing AT24C02.o(.ARM.exidx), (8 bytes).
    Removing AT24C02.o(.ARM.exidx), (8 bytes).
    Removing AT24C02.o(.ARM.exidx), (8 bytes).
    Removing AT24C02.o(.ARM.exidx), (8 bytes).
    Removing AT24C02.o(.ARM.exidx), (8 bytes).
    Removing AT24C02.o(.ARM.exidx), (8 bytes).
    Removing AT24C02.o(.ARM.exidx), (8 bytes).
    Removing AT24C02.o(.ARM.exidx), (8 bytes).
    Removing AT24C02.o(.ARM.exidx), (8 bytes).
    Removing AT24C02.o(.conststring), (314 bytes).
    Removing Buzzer.o(.rev16_text), (4 bytes).
    Removing Buzzer.o(.revsh_text), (4 bytes).
    Removing Buzzer.o(.rrx_text), (6 bytes).
    Removing Buzzer.o(i._Z14SysTick_Configj), (84 bytes).
    Removing Buzzer.o(i._ZN6Buzzer15BEEP_HZ_CONVERTEj), (16 bytes).
    Removing Buzzer.o(i._ZN6Buzzer16Systick_Delay_msEj), (68 bytes).
    Removing Buzzer.o(i._ZN6Buzzer21Systick_Special_DelayEjj), (82 bytes).
    Removing Buzzer.o(i._ZN6Buzzer3runEv), (30 bytes).
    Removing Buzzer.o(i._ZN6Buzzer4InitEv), (12 bytes).
    Removing Buzzer.o(i._ZN6Buzzer5MusicEjdh), (172 bytes).
    Removing Buzzer.o(i._ZN6BuzzerC1E4GPIO), (26 bytes).
    Removing Buzzer.o(i._ZN6BuzzerC1Ev), (16 bytes).
    Removing Buzzer.o(i._ZN6BuzzerD1Ev), (16 bytes).
    Removing Buzzer.o(.ARM.exidx), (8 bytes).
    Removing Buzzer.o(.ARM.exidx), (8 bytes).
    Removing Buzzer.o(.ARM.exidx), (8 bytes).
    Removing Buzzer.o(.ARM.exidx), (8 bytes).
    Removing Buzzer.o(.ARM.exidx), (8 bytes).
    Removing Buzzer.o(.ARM.exidx), (8 bytes).
    Removing Buzzer.o(.ARM.exidx), (8 bytes).
    Removing Buzzer.o(.ARM.exidx), (8 bytes).
    Removing Buzzer.o(.ARM.exidx), (8 bytes).
    Removing Buzzer.o(.ARM.exidx), (8 bytes).
    Removing GPIO.o(.rev16_text), (4 bytes).
    Removing GPIO.o(.revsh_text), (4 bytes).
    Removing GPIO.o(.rrx_text), (6 bytes).
    Removing GPIO.o(i._ZN4GPIO12Set_GPIO_PinEt), (4 bytes).
    Removing GPIO.o(i._ZN4GPIO13Get_Input_PinEv), (22 bytes).
    Removing GPIO.o(i._ZN4GPIO14Get_Input_PortEv), (12 bytes).
    Removing GPIO.o(i._ZN4GPIO14Get_Output_PinEv), (22 bytes).
    Removing GPIO.o(i._ZN4GPIO15Get_Output_PortEv), (12 bytes).
    Removing GPIO.o(i._ZN4GPIO21Get_GPIOInitStructureEv), (10 bytes).
    Removing GPIO.o(i._ZN4GPIO21Set_GPIOInitStructureE16GPIO_InitTypeDef), (8 bytes).
    Removing GPIO.o(i._ZN4GPIO4InitEv), (20 bytes).
    Removing GPIO.o(i._ZN4GPIO5StartEv), (14 bytes).
    Removing GPIO.o(i._ZN4GPIO6Pin_OnEv), (14 bytes).
    Removing GPIO.o(i._ZN4GPIO6ShutUpEv), (14 bytes).
    Removing GPIO.o(i._ZN4GPIO6UpdateEP12GPIO_TypeDef16GPIO_InitTypeDef), (30 bytes).
    Removing GPIO.o(i._ZN4GPIO7IN_MODEEv), (20 bytes).
    Removing GPIO.o(i._ZN4GPIO7Pin_OffEv), (14 bytes).
    Removing GPIO.o(i._ZN4GPIO7Set_PinEh), (18 bytes).
    Removing GPIO.o(i._ZN4GPIO8OUT_MODEEv), (20 bytes).
    Removing GPIO.o(i._ZN4GPIO8Set_GPIOEP12GPIO_TypeDef), (4 bytes).
    Removing GPIO.o(i._ZN4GPIO8Set_PortEt), (16 bytes).
    Removing GPIO.o(i._ZN4GPIO9Get_GPIOxEv), (6 bytes).
    Removing GPIO.o(i._ZN4GPIOC1EP12GPIO_TypeDef16GPIO_InitTypeDef), (26 bytes).
    Removing GPIO.o(i._ZN4GPIOC1EP12GPIO_TypeDeft), (26 bytes).
    Removing GPIO.o(i._ZN4GPIOC1Ev), (2 bytes).
    Removing GPIO.o(i._ZN4GPIOD1Ev), (2 bytes).
    Removing GPIO.o(.ARM.exidx), (8 bytes).
    Removing GPIO.o(.ARM.exidx), (8 bytes).
    Removing GPIO.o(.ARM.exidx), (8 bytes).
    Removing GPIO.o(.ARM.exidx), (8 bytes).
    Removing GPIO.o(.ARM.exidx), (8 bytes).
    Removing GPIO.o(.ARM.exidx), (8 bytes).
    Removing GPIO.o(.ARM.exidx), (8 bytes).
    Removing GPIO.o(.ARM.exidx), (8 bytes).
    Removing GPIO.o(.ARM.exidx), (8 bytes).
    Removing GPIO.o(.ARM.exidx), (8 bytes).
    Removing GPIO.o(.ARM.exidx), (8 bytes).
    Removing GPIO.o(.ARM.exidx), (8 bytes).
    Removing GPIO.o(.ARM.exidx), (8 bytes).
    Removing GPIO.o(.ARM.exidx), (8 bytes).
    Removing GPIO.o(.ARM.exidx), (8 bytes).
    Removing GPIO.o(.ARM.exidx), (8 bytes).
    Removing GPIO.o(.ARM.exidx), (8 bytes).
    Removing GPIO.o(.ARM.exidx), (8 bytes).
    Removing GPIO.o(.ARM.exidx), (8 bytes).
    Removing GPIO.o(.ARM.exidx), (8 bytes).
    Removing GPIO.o(.ARM.exidx), (8 bytes).
    Removing GPIO.o(.ARM.exidx), (8 bytes).
    Removing GPIO.o(.ARM.exidx), (8 bytes).
    Removing I2C.o(.rev16_text), (4 bytes).
    Removing I2C.o(.revsh_text), (4 bytes).
    Removing I2C.o(.rrx_text), (6 bytes).
    Removing I2C.o(i._ZN3I2C11Check_EventE9I2C_Event), (16 bytes).
    Removing I2C.o(i._ZN3I2C11ReceiveDataEv), (12 bytes).
    Removing I2C.o(i._ZN3I2C13Generate_STOPE15FunctionalState), (16 bytes).
    Removing I2C.o(i._ZN3I2C13GetFlagStatusEj), (16 bytes).
    Removing I2C.o(i._ZN3I2C14Generate_STARTE15FunctionalState), (16 bytes).
    Removing I2C.o(i._ZN3I2C14Software_ResetE15FunctionalState), (16 bytes).
    Removing I2C.o(i._ZN3I2C15Send7bitAddressEhh), (20 bytes).
    Removing I2C.o(i._ZN3I2C17AcknowledgeConfigE15FunctionalState), (16 bytes).
    Removing I2C.o(i._ZN3I2C4InitEv), (82 bytes).
    Removing I2C.o(i._ZN3I2C5StartEv), (14 bytes).
    Removing I2C.o(i._ZN3I2C6ShutUpEv), (14 bytes).
    Removing I2C.o(i._ZN3I2C6UpdateE9I2C_Param), (48 bytes).
    Removing I2C.o(i._ZN3I2C8Pin_InitEv), (484 bytes).
    Removing I2C.o(i._ZN3I2C8SendDataEh), (16 bytes).
    Removing I2C.o(i._ZN3I2C9ClearFlagEj), (16 bytes).
    Removing I2C.o(i._ZN3I2CC1Ev), (16 bytes).
    Removing I2C.o(.ARM.exidx), (8 bytes).
    Removing I2C.o(.ARM.exidx), (8 bytes).
    Removing I2C.o(.ARM.exidx), (8 bytes).
    Removing I2C.o(.ARM.exidx), (8 bytes).
    Removing I2C.o(.ARM.exidx), (8 bytes).
    Removing I2C.o(.ARM.exidx), (8 bytes).
    Removing I2C.o(.ARM.exidx), (8 bytes).
    Removing I2C.o(.ARM.exidx), (8 bytes).
    Removing I2C.o(.ARM.exidx), (8 bytes).
    Removing I2C.o(.ARM.exidx), (8 bytes).
    Removing I2C.o(.ARM.exidx), (8 bytes).
    Removing I2C.o(.ARM.exidx), (8 bytes).
    Removing I2C.o(.ARM.exidx), (8 bytes).
    Removing I2C.o(.ARM.exidx), (8 bytes).
    Removing I2C.o(.ARM.exidx), (8 bytes).
    Removing I2C.o(.ARM.exidx), (8 bytes).
    Removing I2C.o(.ARM.exidx), (8 bytes).
    Removing I2C.o(.ARM.exidx), (8 bytes).
    Removing I2C.o(.ARM.exidx), (8 bytes).
    Removing I2C.o(.ARM.exidx), (8 bytes).
    Removing stm32f10x_it.o(.rev16_text), (4 bytes).
    Removing stm32f10x_it.o(.revsh_text), (4 bytes).
    Removing stm32f10x_it.o(.rrx_text), (6 bytes).
    Removing stm32f10x_it.o(i.TIM1_IRQHandler), (2 bytes).
    Removing stm32f10x_it.o(i.TIM8_IRQHandler), (2 bytes).
    Removing stm32f10x_it.o(.ARM.exidx), (8 bytes).
    Removing stm32f10x_it.o(.ARM.exidx), (8 bytes).
    Removing stm32f10x_it.o(.ARM.exidx), (8 bytes).
    Removing stm32f10x_it.o(.ARM.exidx), (8 bytes).
    Removing stm32f10x_it.o(.ARM.exidx), (8 bytes).
    Removing stm32f10x_it.o(.ARM.exidx), (8 bytes).
    Removing stm32f10x_it.o(.ARM.exidx), (8 bytes).
    Removing stm32f10x_it.o(.ARM.exidx), (8 bytes).
    Removing stm32f10x_it.o(.ARM.exidx), (8 bytes).
    Removing stm32f10x_it.o(.ARM.exidx), (8 bytes).
    Removing stm32f10x_it.o(.ARM.exidx), (8 bytes).
    Removing stm32f10x_it.o(.ARM.exidx), (8 bytes).
    Removing stm32f10x_it.o(.ARM.exidx), (8 bytes).
    Removing stm32f10x_it.o(.ARM.exidx), (8 bytes).
    Removing stm32f10x_it.o(.ARM.exidx), (8 bytes).
    Removing stm32f10x_it.o(.ARM.exidx), (8 bytes).
    Removing stm32f10x_it.o(.ARM.exidx), (8 bytes).
    Removing stm32f10x_it.o(.ARM.exidx), (8 bytes).
    Removing stm32f10x_it.o(.ARM.exidx), (8 bytes).
    Removing stm32f10x_it.o(.ARM.exidx), (8 bytes).
    Removing stm32f10x_it.o(.ARM.exidx), (8 bytes).
    Removing stm32f10x_it.o(.ARM.exidx), (8 bytes).
    Removing stm32f10x_it.o(.ARM.exidx), (8 bytes).
    Removing stm32f10x_it.o(.ARM.exidx), (8 bytes).
    Removing stm32f10x_it.o(.ARM.exidx), (8 bytes).
    Removing stm32f10x_it.o(.ARM.exidx), (8 bytes).
    Removing stm32f10x_it.o(.ARM.exidx), (8 bytes).
    Removing NVIC.o(.rev16_text), (4 bytes).
    Removing NVIC.o(.revsh_text), (4 bytes).
    Removing NVIC.o(.rrx_text), (6 bytes).
    Removing NVIC.o(i._ZN12NVIC_Operate19PriorityGroupConfigEv), (12 bytes).
    Removing NVIC.o(i._ZN12NVIC_Operate4InitEv), (16 bytes).
    Removing NVIC.o(i._ZN12NVIC_Operate5StartEv), (18 bytes).
    Removing NVIC.o(i._ZN12NVIC_Operate6ShutUpEv), (18 bytes).
    Removing NVIC.o(i._ZN12NVIC_Operate6UpdateEP16NVIC_InitTypeDef), (22 bytes).
    Removing NVIC.o(.ARM.exidx), (8 bytes).
    Removing NVIC.o(.ARM.exidx), (8 bytes).
    Removing NVIC.o(.ARM.exidx), (8 bytes).
    Removing NVIC.o(.ARM.exidx), (8 bytes).
    Removing NVIC.o(.ARM.exidx), (8 bytes).
    Removing NVIC.o(.ARM.exidx), (8 bytes).
    Removing NVIC.o(.ARM.exidx), (8 bytes).
    Removing NVIC.o(.ARM.exidx), (8 bytes).
    Removing NVIC.o(.ARM.exidx), (8 bytes).
    Removing PWM.o(.rev16_text), (4 bytes).
    Removing PWM.o(.revsh_text), (4 bytes).
    Removing PWM.o(.rrx_text), (6 bytes).
    Removing PWM.o(i._ZN3PWM13Set_DutyRatioEd), (6 bytes).
    Removing PWM.o(i._ZN3PWM13Set_FrequencyEd), (6 bytes).
    Removing PWM.o(i._ZN3PWM27Set_TIMx_Channelx_SelectionE23TIMx_Channelx_Selection), (4 bytes).
    Removing PWM.o(i._ZN3PWM4InitEv), (460 bytes).
    Removing PWM.o(i._ZN3PWM5StartEv), (14 bytes).
    Removing PWM.o(i._ZN3PWM6ShutUpEv), (14 bytes).
    Removing PWM.o(i._ZN3PWM6UpdateE23TIMx_Channelx_Selectiondd), (60 bytes).
    Removing PWM.o(i._ZN3PWM8Pin_InitEv), (3232 bytes).
    Removing PWM.o(i._ZN3PWMC1E23TIMx_Channelx_Selectiondd), (50 bytes).
    Removing PWM.o(i._ZN3PWMC1Ev), (2 bytes).
    Removing PWM.o(i._ZN3PWMD1Ev), (2 bytes).
    Removing PWM.o(.ARM.exidx), (8 bytes).
    Removing PWM.o(.ARM.exidx), (8 bytes).
    Removing PWM.o(.ARM.exidx), (8 bytes).
    Removing PWM.o(.ARM.exidx), (8 bytes).
    Removing PWM.o(.ARM.exidx), (8 bytes).
    Removing PWM.o(.ARM.exidx), (8 bytes).
    Removing PWM.o(.ARM.exidx), (8 bytes).
    Removing PWM.o(.ARM.exidx), (8 bytes).
    Removing PWM.o(.ARM.exidx), (8 bytes).
    Removing PWM.o(.ARM.exidx), (8 bytes).
    Removing PWM.o(.ARM.exidx), (8 bytes).
    Removing PWM.o(.data), (64 bytes).
    Removing RCC.o(.rev16_text), (4 bytes).
    Removing RCC.o(.revsh_text), (4 bytes).
    Removing RCC.o(.rrx_text), (6 bytes).
    Removing RCC.o(i._ZN11RCC_Operate10RCC_ConfigEP11ADC_TypeDef15FunctionalState), (22 bytes).
    Removing RCC.o(i._ZN11RCC_Operate10RCC_ConfigEP11BKP_TypeDef15FunctionalState), (22 bytes).
    Removing RCC.o(i._ZN11RCC_Operate10RCC_ConfigEP11CAN_TypeDef15FunctionalState), (22 bytes).
    Removing RCC.o(i._ZN11RCC_Operate10RCC_ConfigEP11CRC_TypeDef15FunctionalState), (22 bytes).
    Removing RCC.o(i._ZN11RCC_Operate10RCC_ConfigEP11DAC_TypeDef15FunctionalState), (22 bytes).
    Removing RCC.o(i._ZN11RCC_Operate10RCC_ConfigEP11DMA_TypeDef15FunctionalState), (22 bytes).
    Removing RCC.o(i._ZN11RCC_Operate10RCC_ConfigEP11I2C_TypeDef15FunctionalState), (22 bytes).
    Removing RCC.o(i._ZN11RCC_Operate10RCC_ConfigEP11PWR_TypeDef15FunctionalState), (22 bytes).
    Removing RCC.o(i._ZN11RCC_Operate10RCC_ConfigEP11SPI_TypeDef15FunctionalState), (48 bytes).
    Removing RCC.o(i._ZN11RCC_Operate10RCC_ConfigEP11TIM_TypeDef15FunctionalState), (60 bytes).
    Removing RCC.o(i._ZN11RCC_Operate10RCC_ConfigEP11USB_TypeDef15FunctionalState), (22 bytes).
    Removing RCC.o(i._ZN11RCC_Operate10RCC_ConfigEP12AFIO_TypeDef15FunctionalState), (22 bytes).
    Removing RCC.o(i._ZN11RCC_Operate10RCC_ConfigEP12GPIO_TypeDef15FunctionalState), (22 bytes).
    Removing RCC.o(i._ZN11RCC_Operate10RCC_ConfigEP12SDIO_TypeDef15FunctionalState), (22 bytes).
    Removing RCC.o(i._ZN11RCC_Operate10RCC_ConfigEP12SRAM_TypeDef15FunctionalState), (22 bytes).
    Removing RCC.o(i._ZN11RCC_Operate10RCC_ConfigEP12WWDG_TypeDef15FunctionalState), (22 bytes).
    Removing RCC.o(i._ZN11RCC_Operate10RCC_ConfigEP13FLITF_TypeDef15FunctionalState), (22 bytes).
    Removing RCC.o(i._ZN11RCC_Operate10RCC_ConfigEP13USART_TypeDef15FunctionalState), (48 bytes).
    Removing RCC.o(i._ZN11RCC_Operate10RCC_ConfigEP18FSMC_Bank1_TypeDef15FunctionalState), (22 bytes).
    Removing RCC.o(i._ZN11RCC_Operate10RCC_ConfigEP18FSMC_Bank2_TypeDef15FunctionalState), (22 bytes).
    Removing RCC.o(i._ZN11RCC_Operate10RCC_ConfigEP18FSMC_Bank3_TypeDef15FunctionalState), (22 bytes).
    Removing RCC.o(i._ZN11RCC_Operate10RCC_ConfigEP18FSMC_Bank4_TypeDef15FunctionalState), (22 bytes).
    Removing RCC.o(i._ZN11RCC_Operate10RCC_ConfigEP19FSMC_Bank1E_TypeDef15FunctionalState), (22 bytes).
    Removing RCC.o(i._ZN11RCC_Operate14Get_ClocksFreqEv), (16 bytes).
    Removing RCC.o(i._ZN11RCC_Operate15BKP_Convert_RCCEP11BKP_TypeDef), (8 bytes).
    Removing RCC.o(i._ZN11RCC_Operate15CAN_Convert_RCCEP11CAN_TypeDef), (40 bytes).
    Removing RCC.o(i._ZN11RCC_Operate15CRC_Convert_RCCEP11CRC_TypeDef), (6 bytes).
    Removing RCC.o(i._ZN11RCC_Operate15DAC_Convert_RCCEP11DAC_TypeDef), (8 bytes).
    Removing RCC.o(i._ZN11RCC_Operate15DMA_Convert_RCCEP11DMA_TypeDef), (36 bytes).
    Removing RCC.o(i._ZN11RCC_Operate15HSE_SetSysClockEj), (116 bytes).
    Removing RCC.o(i._ZN11RCC_Operate15HSI_SetSysClockEj), (120 bytes).
    Removing RCC.o(i._ZN11RCC_Operate16ADCX_Convert_RCCEP11ADC_TypeDef), (52 bytes).
    Removing RCC.o(i._ZN11RCC_Operate16AFIO_Convert_RCCEP12AFIO_TypeDef), (6 bytes).
    Removing RCC.o(i._ZN11RCC_Operate16I2CX_Convert_RCCEP11I2C_TypeDef), (40 bytes).
    Removing RCC.o(i._ZN11RCC_Operate16PWRX_Convert_RCCEP11PWR_TypeDef), (8 bytes).
    Removing RCC.o(i._ZN11RCC_Operate16SPIX_Convert_RCCEP11SPI_TypeDef), (48 bytes).
    Removing RCC.o(i._ZN11RCC_Operate16TIMX_Convert_RCCEP11TIM_TypeDef), (116 bytes).
    Removing RCC.o(i._ZN11RCC_Operate16USBX_Convert_RCCEP11USB_TypeDef), (8 bytes).
    Removing RCC.o(i._ZN11RCC_Operate17FLITF_Convert_RCCEP13FLITF_TypeDef), (6 bytes).
    Removing RCC.o(i._ZN11RCC_Operate17GPIOX_Convert_RCCEP12GPIO_TypeDef), (104 bytes).
    Removing RCC.o(i._ZN11RCC_Operate17SDIOX_Convert_RCCEP12SDIO_TypeDef), (8 bytes).
    Removing RCC.o(i._ZN11RCC_Operate17SRAMX_Convert_RCCEP12SRAM_TypeDef), (6 bytes).
    Removing RCC.o(i._ZN11RCC_Operate17WWDGX_Convert_RCCEP12WWDG_TypeDef), (8 bytes).
    Removing RCC.o(i._ZN11RCC_Operate18Get_HCLK_FrequencyEv), (20 bytes).
    Removing RCC.o(i._ZN11RCC_Operate18USARTX_Convert_RCCEP13USART_TypeDef), (88 bytes).
    Removing RCC.o(i._ZN11RCC_Operate19Get_PCLK1_FrequencyEv), (20 bytes).
    Removing RCC.o(i._ZN11RCC_Operate19Get_PCLK2_FrequencyEv), (20 bytes).
    Removing RCC.o(i._ZN11RCC_Operate20Get_ADCCLK_FrequencyEv), (20 bytes).
    Removing RCC.o(i._ZN11RCC_Operate22FSMC_Bank1_Convert_RCCEP18FSMC_Bank1_TypeDef), (8 bytes).
    Removing RCC.o(i._ZN11RCC_Operate22FSMC_Bank2_Convert_RCCEP18FSMC_Bank2_TypeDef), (8 bytes).
    Removing RCC.o(i._ZN11RCC_Operate22FSMC_Bank3_Convert_RCCEP18FSMC_Bank3_TypeDef), (8 bytes).
    Removing RCC.o(i._ZN11RCC_Operate22FSMC_Bank4_Convert_RCCEP18FSMC_Bank4_TypeDef), (8 bytes).
    Removing RCC.o(i._ZN11RCC_Operate23FSMC_Bank1E_Convert_RCCEP19FSMC_Bank1E_TypeDef), (8 bytes).
    Removing RCC.o(i._ZN11RCC_OperateC1Ev), (2 bytes).
    Removing RCC.o(i._ZN11RCC_OperateD1Ev), (2 bytes).
    Removing RCC.o(.ARM.exidx), (8 bytes).
    Removing RCC.o(.ARM.exidx), (8 bytes).
    Removing RCC.o(.ARM.exidx), (8 bytes).
    Removing RCC.o(.ARM.exidx), (8 bytes).
    Removing RCC.o(.ARM.exidx), (8 bytes).
    Removing RCC.o(.ARM.exidx), (8 bytes).
    Removing RCC.o(.ARM.exidx), (8 bytes).
    Removing RCC.o(.ARM.exidx), (8 bytes).
    Removing RCC.o(.ARM.exidx), (8 bytes).
    Removing RCC.o(.ARM.exidx), (8 bytes).
    Removing RCC.o(.ARM.exidx), (8 bytes).
    Removing RCC.o(.ARM.exidx), (8 bytes).
    Removing RCC.o(.ARM.exidx), (8 bytes).
    Removing RCC.o(.ARM.exidx), (8 bytes).
    Removing RCC.o(.ARM.exidx), (8 bytes).
    Removing RCC.o(.ARM.exidx), (8 bytes).
    Removing RCC.o(.ARM.exidx), (8 bytes).
    Removing RCC.o(.ARM.exidx), (8 bytes).
    Removing RCC.o(.ARM.exidx), (8 bytes).
    Removing RCC.o(.ARM.exidx), (8 bytes).
    Removing RCC.o(.ARM.exidx), (8 bytes).
    Removing RCC.o(.ARM.exidx), (8 bytes).
    Removing RCC.o(.ARM.exidx), (8 bytes).
    Removing RCC.o(.ARM.exidx), (8 bytes).
    Removing RCC.o(.ARM.exidx), (8 bytes).
    Removing RCC.o(.ARM.exidx), (8 bytes).
    Removing RCC.o(.ARM.exidx), (8 bytes).
    Removing RCC.o(.ARM.exidx), (8 bytes).
    Removing RCC.o(.ARM.exidx), (8 bytes).
    Removing RCC.o(.ARM.exidx), (8 bytes).
    Removing RCC.o(.ARM.exidx), (8 bytes).
    Removing RCC.o(.ARM.exidx), (8 bytes).
    Removing RCC.o(.ARM.exidx), (8 bytes).
    Removing RCC.o(.ARM.exidx), (8 bytes).
    Removing RCC.o(.ARM.exidx), (8 bytes).
    Removing RCC.o(.ARM.exidx), (8 bytes).
    Removing RCC.o(.ARM.exidx), (8 bytes).
    Removing RCC.o(.ARM.exidx), (8 bytes).
    Removing RCC.o(.ARM.exidx), (8 bytes).
    Removing RCC.o(.ARM.exidx), (8 bytes).
    Removing RCC.o(.ARM.exidx), (8 bytes).
    Removing RCC.o(.ARM.exidx), (8 bytes).
    Removing RCC.o(.ARM.exidx), (8 bytes).
    Removing RCC.o(.ARM.exidx), (8 bytes).
    Removing RCC.o(.ARM.exidx), (8 bytes).
    Removing RCC.o(.ARM.exidx), (8 bytes).
    Removing RCC.o(.ARM.exidx), (8 bytes).
    Removing RCC.o(.ARM.exidx), (8 bytes).
    Removing RCC.o(.ARM.exidx), (8 bytes).
    Removing RCC.o(.ARM.exidx), (8 bytes).
    Removing RCC.o(.ARM.exidx), (8 bytes).
    Removing RCC.o(.ARM.exidx), (8 bytes).
    Removing RCC.o(.ARM.exidx), (8 bytes).
    Removing RCC.o(.ARM.exidx), (8 bytes).
    Removing RCC.o(.ARM.exidx), (8 bytes).
    Removing RCC.o(.ARM.exidx), (8 bytes).
    Removing Servo.o(.rev16_text), (4 bytes).
    Removing Servo.o(.revsh_text), (4 bytes).
    Removing Servo.o(.rrx_text), (6 bytes).
    Removing Servo.o(i._ZN5Servo18Angle_to_DutyRatioEdd), (240 bytes).
    Removing Servo.o(i._ZN5Servo4InitEv), (12 bytes).
    Removing Servo.o(i._ZN5Servo6UpdateE23TIMx_Channelx_Selectiondd), (70 bytes).
    Removing Servo.o(i._ZN5ServoC1E23TIMx_Channelx_Selectiondd), (74 bytes).
    Removing Servo.o(i._ZN5ServoC1Ev), (16 bytes).
    Removing Servo.o(i._ZN5ServoD1Ev), (16 bytes).
    Removing Servo.o(.ARM.exidx), (8 bytes).
    Removing Servo.o(.ARM.exidx), (8 bytes).
    Removing Servo.o(.ARM.exidx), (8 bytes).
    Removing Servo.o(.ARM.exidx), (8 bytes).
    Removing Servo.o(.ARM.exidx), (8 bytes).
    Removing Servo.o(.ARM.exidx), (8 bytes).
    Removing SysTick.o(.rev16_text), (4 bytes).
    Removing SysTick.o(.revsh_text), (4 bytes).
    Removing SysTick.o(.rrx_text), (6 bytes).
    Removing SysTick.o(i._Z14SysTick_Configj), (84 bytes).
    Removing SysTick.o(i._ZN15SysTick_Operate5DelayEjj), (56 bytes).
    Removing SysTick.o(i._ZN15SysTick_Operate8Delay_msEj), (76 bytes).
    Removing SysTick.o(i._ZN15SysTick_Operate8Delay_usEj), (68 bytes).
    Removing SysTick.o(i._ZN15SysTick_OperateC1Ev), (2 bytes).
    Removing SysTick.o(i._ZN15SysTick_OperateD1Ev), (2 bytes).
    Removing SysTick.o(.ARM.exidx), (8 bytes).
    Removing SysTick.o(.ARM.exidx), (8 bytes).
    Removing SysTick.o(.ARM.exidx), (8 bytes).
    Removing SysTick.o(.ARM.exidx), (8 bytes).
    Removing SysTick.o(.ARM.exidx), (8 bytes).
    Removing SysTick.o(.ARM.exidx), (8 bytes).
    Removing TIM.o(.rev16_text), (4 bytes).
    Removing TIM.o(.revsh_text), (4 bytes).
    Removing TIM.o(.rrx_text), (6 bytes).
    Removing TIM.o(i._ZN3TIM14Delay_CompleteEv), (32 bytes).
    Removing TIM.o(i._ZN3TIM4InitEv), (66 bytes).
    Removing TIM.o(i._ZN3TIM5StartEv), (14 bytes).
    Removing TIM.o(i._ZN3TIM6ShutupEv), (14 bytes).
    Removing TIM.o(i._ZN3TIM6UpdateE9TIM_Parma), (48 bytes).
    Removing TIM.o(i._ZN3TIM7OC_InitEv), (82 bytes).
    Removing TIM.o(i._ZN3TIM8Delay_msEj), (144 bytes).
    Removing TIM.o(i._ZN3TIM8Pin_InitEv), (44 bytes).
    Removing TIM.o(i._ZN3TIM9Base_InitEv), (14 bytes).
    Removing TIM.o(i._ZN3TIMC1Ev), (16 bytes).
    Removing TIM.o(.ARM.exidx), (8 bytes).
    Removing TIM.o(.ARM.exidx), (8 bytes).
    Removing TIM.o(.ARM.exidx), (8 bytes).
    Removing TIM.o(.ARM.exidx), (8 bytes).
    Removing TIM.o(.ARM.exidx), (8 bytes).
    Removing TIM.o(.ARM.exidx), (8 bytes).
    Removing TIM.o(.ARM.exidx), (8 bytes).
    Removing TIM.o(.ARM.exidx), (8 bytes).
    Removing TIM.o(.ARM.exidx), (8 bytes).
    Removing TIM.o(.ARM.exidx), (8 bytes).
    Removing TIM.o(.ARM.exidx), (8 bytes).
    Removing TIM.o(.ARM.exidx), (8 bytes).
    Removing TIM.o(.ARM.exidx), (8 bytes).
    Removing TIM.o(.ARM.exidx), (8 bytes).
    Removing TIM.o(.constdata), (8 bytes).
    Removing USART.o(.rev16_text), (4 bytes).
    Removing USART.o(.revsh_text), (4 bytes).
    Removing USART.o(.rrx_text), (6 bytes).
    Removing USART.o(i._ZN5USART11Send_StringEPh), (28 bytes).
    Removing USART.o(i._ZN5USART12Receive_ByteEv), (14 bytes).
    Removing USART.o(i._ZN5USART4InitEv), (58 bytes).
    Removing USART.o(i._ZN5USART5StartEv), (14 bytes).
    Removing USART.o(i._ZN5USART6ShutUpEv), (14 bytes).
    Removing USART.o(i._ZN5USART6UpdateE11USART_Param), (48 bytes).
    Removing USART.o(i._ZN5USART8Pin_InitEv), (1128 bytes).
    Removing USART.o(i._ZN5USART9Send_ByteEh), (30 bytes).
    Removing USART.o(i._ZN5USARTC1Ev), (16 bytes).
    Removing USART.o(.ARM.exidx), (8 bytes).
    Removing USART.o(.ARM.exidx), (8 bytes).
    Removing USART.o(.ARM.exidx), (8 bytes).
    Removing USART.o(.ARM.exidx), (8 bytes).
    Removing USART.o(.ARM.exidx), (8 bytes).
    Removing USART.o(.ARM.exidx), (8 bytes).
    Removing USART.o(.ARM.exidx), (8 bytes).
    Removing USART.o(.ARM.exidx), (8 bytes).
    Removing USART.o(.ARM.exidx), (8 bytes).
    Removing USART.o(.ARM.exidx), (8 bytes).
    Removing USART.o(.ARM.exidx), (8 bytes).
    Removing USART.o(.ARM.exidx), (8 bytes).
    Removing USART.o(.ARM.exidx), (8 bytes).
    Removing dadd.o(.text), (334 bytes).
    Removing dmul.o(.text), (228 bytes).
    Removing ddiv.o(.text), (222 bytes).
    Removing dflti.o(.text), (34 bytes).
    Removing dfltui.o(.text), (26 bytes).
    Removing dfixi.o(.text), (62 bytes).
    Removing dfixui.o(.text), (50 bytes).
    Removing cdcmple.o(.text), (48 bytes).
    Removing depilogue.o(.text), (186 bytes).
    Removing dfixul.o(.text), (48 bytes).
    Removing cdrcmple.o(.text), (48 bytes).
    Removing LCD_12864_Parallel.o(.constdata__ZTV18LCD_12864_Parallel), (92 bytes).
    Removing LCD_12864_Parallel.o(i._ZN9LCD_12864C2Ev), (12 bytes).
    Removing LCD_12864_Parallel.o(.ARM.exidx), (8 bytes).
    Removing LCD_12864_Parallel.o(.constdata__ZTV9LCD_12864), (92 bytes).
    Removing LCD_12864_Parallel.o(.constdata__ZTI18LCD_12864_Parallel), (12 bytes).
    Removing LCD_12864_Parallel.o(.constdata__ZTI9LCD_12864), (8 bytes).
    Removing LCD_12864_Parallel.o(.constdata__ZTS18LCD_12864_Parallel), (21 bytes).
    Removing LCD_12864_Parallel.o(.constdata__ZTS9LCD_12864), (11 bytes).
    Removing LCD_12864_Serial.o(.constdata__ZTV16LCD_12864_Serial), (92 bytes).
    Removing LCD_12864_Serial.o(.constdata__ZTI16LCD_12864_Serial), (12 bytes).
    Removing LCD_12864_Serial.o(.constdata__ZTS16LCD_12864_Serial), (19 bytes).
    Removing I2C.o(.ARM.exidx), (8 bytes).
    Removing I2C.o(.ARM.exidx), (8 bytes).
    Removing TIM.o(.ARM.exidx), (8 bytes).
    Removing TIM.o(.ARM.exidx), (8 bytes).
    Removing USART.o(.ARM.exidx), (8 bytes).
    Removing USART.o(.ARM.exidx), (8 bytes).

1090 unused section(s) (total 41087 bytes) removed from the image.

==============================================================================

Memory Map of the image

  Image Entry point : 0x00000000

  Load Region LR_IROM1 (Base: 0x08000000, Size: 0x00000d5c, Max: 0x00010000, ABSOLUTE)

    Execution Region ER_IROM1 (Base: 0x08000000, Size: 0x00000b20, Max: 0x00010000, ABSOLUTE)

    Base Addr    Size         Type   Attr      Idx    E Section Name        Object

    0x08000000   0x00000130   Data   RO         3544    RESET               startup_stm32f10x_hd.o
    0x08000130   0x00000000   Code   RO         5946  * .ARM.Collect$$$$00000000  mc_w.l(entry.o)
    0x08000130   0x00000004   Code   RO         6269    .ARM.Collect$$$$00000001  mc_w.l(entry2.o)
    0x08000134   0x00000004   Code   RO         6272    .ARM.Collect$$$$00000004  mc_w.l(entry5.o)
    0x08000138   0x00000000   Code   RO         6274    .ARM.Collect$$$$00000008  mc_w.l(entry7b.o)
    0x08000138   0x00000004   Code   RO         6275    .ARM.Collect$$$$00000009  mc_w.l(entry8a.o)
    0x0800013c   0x00000000   Code   RO         6276    .ARM.Collect$$$$0000000A  mc_w.l(entry8b.o)
    0x0800013c   0x00000008   Code   RO         6277    .ARM.Collect$$$$0000000B  mc_w.l(entry9a.o)
    0x08000144   0x00000004   Code   RO         6284    .ARM.Collect$$$$0000000E  mc_w.l(entry12b.o)
    0x08000148   0x00000000   Code   RO         6279    .ARM.Collect$$$$0000000F  mc_w.l(entry10a.o)
    0x08000148   0x00000004   Code   RO         6280    .ARM.Collect$$$$00000010  mc_w.l(entry10b.o)
    0x0800014c   0x00000000   Code   RO         6281    .ARM.Collect$$$$00000011  mc_w.l(entry11a.o)
    0x0800014c   0x00000004   Code   RO         6270    .ARM.Collect$$$$00002712  mc_w.l(entry2.o)
    0x08000150   0x00000024   Code   RO         3545    .text               startup_stm32f10x_hd.o
    0x08000174   0x00000024   Code   RO         5949    .text               mc_w.l(memcpya.o)
    0x08000198   0x00000020   Code   RO         6217    .text               mc_w.l(cpp_init.o)
    0x080001b8   0x0000002e   Code   RO         6219    .text               mc_w.l(aeabi_atexit.o)
    0x080001e6   0x00000002   PAD
    0x080001e8   0x00000008   Code   RO         6325    .text               mc_w.l(cpp_dtor.o)
    0x080001f0   0x00000042   Code   RO         6333    .text               mc_w.l(cxa_finalize.o)
    0x08000232   0x00000002   PAD
    0x08000234   0x00000024   Code   RO         6370    .text               mc_w.l(init.o)
    0x08000258   0x00000002   Code   RO         6374    .text               mc_w.l(cpp_final.o)
    0x0800025a   0x00000004   Code   RO         4727    i.BusFault_Handler  stm32f10x_it.o
    0x0800025e   0x00000002   Code   RO         4728    i.DebugMon_Handler  stm32f10x_it.o
    0x08000260   0x00000002   Code   RO         4729    i.EXTI0_IRQHandler  stm32f10x_it.o
    0x08000262   0x00000002   Code   RO         4730    i.EXTI15_10_IRQHandler  stm32f10x_it.o
    0x08000264   0x00000002   Code   RO         4731    i.EXTI1_IRQHandler  stm32f10x_it.o
    0x08000266   0x00000002   Code   RO         4732    i.EXTI2_IRQHandler  stm32f10x_it.o
    0x08000268   0x00000002   Code   RO         4733    i.EXTI3_IRQHandler  stm32f10x_it.o
    0x0800026a   0x00000002   Code   RO         4734    i.EXTI4_IRQHandler  stm32f10x_it.o
    0x0800026c   0x00000002   Code   RO         4735    i.EXTI9_5_IRQHandler  stm32f10x_it.o
    0x0800026e   0x00000004   Code   RO         4736    i.HardFault_Handler  stm32f10x_it.o
    0x08000272   0x00000004   Code   RO         4737    i.MemManage_Handler  stm32f10x_it.o
    0x08000276   0x00000002   Code   RO         4738    i.NMI_Handler       stm32f10x_it.o
    0x08000278   0x00000002   Code   RO         4739    i.PendSV_Handler    stm32f10x_it.o
    0x0800027a   0x00000002   PAD
    0x0800027c   0x000000d4   Code   RO         1919    i.RCC_GetClocksFreq  stm32f10x_rcc.o
    0x08000350   0x00000002   Code   RO         4740    i.SVC_Handler       stm32f10x_it.o
    0x08000352   0x00000008   Code   RO         3414    i.SetSysClock       system_stm32f10x.o
    0x0800035a   0x00000002   PAD
    0x0800035c   0x000000e0   Code   RO         3415    i.SetSysClockTo72   system_stm32f10x.o
    0x0800043c   0x00000002   Code   RO         4741    i.SysTick_Handler   stm32f10x_it.o
    0x0800043e   0x00000002   PAD
    0x08000440   0x00000060   Code   RO         3417    i.SystemInit        system_stm32f10x.o
    0x080004a0   0x00000060   Code   RO         4743    i.TIM2_IRQHandler   stm32f10x_it.o
    0x08000500   0x00000002   Code   RO         4744    i.TIM3_IRQHandler   stm32f10x_it.o
    0x08000502   0x00000002   Code   RO         4745    i.TIM4_IRQHandler   stm32f10x_it.o
    0x08000504   0x00000002   Code   RO         4746    i.TIM5_IRQHandler   stm32f10x_it.o
    0x08000506   0x00000002   Code   RO         4747    i.TIM6_IRQHandler   stm32f10x_it.o
    0x08000508   0x00000002   Code   RO         4748    i.TIM7_IRQHandler   stm32f10x_it.o
    0x0800050a   0x00000006   Code   RO         2598    i.TIM_ClearITPendingBit  stm32f10x_tim.o
    0x08000510   0x00000018   Code   RO         2603    i.TIM_Cmd           stm32f10x_tim.o
    0x08000528   0x00000022   Code   RO         2624    i.TIM_GetITStatus   stm32f10x_tim.o
    0x0800054a   0x00000002   Code   RO         4750    i.USART1_IRQHandler  stm32f10x_it.o
    0x0800054c   0x00000002   Code   RO         4751    i.USART2_IRQHandler  stm32f10x_it.o
    0x0800054e   0x00000002   Code   RO         4752    i.USART3_IRQHandler  stm32f10x_it.o
    0x08000550   0x00000004   Code   RO         4753    i.UsageFault_Handler  stm32f10x_it.o
    0x08000554   0x00000014   Code   RO         5169    i._ZN11RCC_Operate20Get_SYSCLK_FrequencyEv  RCC.o
    0x08000568   0x00000014   Code   RO         5817    i._ZN11USART_ParamC1Ev  USART.o
    0x0800057c   0x00000014   Code   RO         5820    i._ZN11USART_ParamD1Ev  USART.o
    0x08000590   0x00000004   Code   RO         4963    i._ZN12NVIC_Operate22Set_NVIC_InitStructureEP16NVIC_InitTypeDef  NVIC.o
    0x08000594   0x00000012   Code   RO         4968    i._ZN12NVIC_OperateC1EP16NVIC_InitTypeDef  NVIC.o
    0x080005a6   0x00000002   Code   RO         4969    i._ZN12NVIC_OperateC1Ev  NVIC.o
    0x080005a8   0x00000002   Code   RO         4970    i._ZN12NVIC_OperateD1Ev  NVIC.o
    0x080005aa   0x00000012   Code   RO         4581    i._ZN3I2C13Set_I2C_ParamE9I2C_Param  I2C.o
    0x080005bc   0x0000002e   Code   RO         4593    i._ZN3I2CC1E9I2C_Param  I2C.o
    0x080005ea   0x00000010   Code   RO         4595    i._ZN3I2CD1Ev       I2C.o
    0x080005fa   0x00000012   Code   RO         5590    i._ZN3TIM13Set_TIM_ParmaE9TIM_Parma  TIM.o
    0x0800060c   0x0000002e   Code   RO         5600    i._ZN3TIMC1E9TIM_Parma  TIM.o
    0x0800063a   0x00000010   Code   RO         5602    i._ZN3TIMD1Ev       TIM.o
    0x0800064a   0x00000012   Code   RO         5727    i._ZN5USART15Set_USART_ParamE11USART_Param  USART.o
    0x0800065c   0x0000002e   Code   RO         5734    i._ZN5USARTC1E11USART_Param  USART.o
    0x0800068a   0x00000010   Code   RO         5736    i._ZN5USARTD1Ev     USART.o
    0x0800069a   0x0000001e   Code   RO         4711    i._ZN9I2C_ParamC1Ev  I2C.o
    0x080006b8   0x0000001e   Code   RO         4714    i._ZN9I2C_ParamD1Ev  I2C.o
    0x080006d6   0x00000014   Code   RO         5689    i._ZN9TIM_ParmaC1Ev  TIM.o
    0x080006ea   0x00000014   Code   RO         5692    i._ZN9TIM_ParmaD1Ev  TIM.o
    0x080006fe   0x00000002   PAD
    0x08000700   0x000000e4   Code   RO         4596    i.__sti___7_I2C_cpp_7d40c850  I2C.o
    0x080007e4   0x000000a4   Code   RO         5603    i.__sti___7_TIM_cpp_27c83929  TIM.o
    0x08000888   0x000001d0   Code   RO         5737    i.__sti___9_USART_cpp_e2dc9eab  USART.o
    0x08000a58   0x00000050   Code   RO         6296    i.free              mc_w.l(malloc.o)
    0x08000aa8   0x0000006c   Code   RO         6297    i.malloc            mc_w.l(malloc.o)
    0x08000b14   0x00000000   Data   RO         6393    Region$$Table       anon$$obj.o
    0x08000b14   0x00000004   Data   RO         4619    .init_array         I2C.o
    0x08000b18   0x00000004   Data   RO         5621    .init_array         TIM.o
    0x08000b1c   0x00000004   Data   RO         5753    .init_array         USART.o
    0x08000b20   0x00000000   Data   RO         6215    .init_array         mc_w.l(cpp_init.o)


    Execution Region RW_IRAM1 (Base: 0x20000000, Size: 0x00000948, Max: 0x00005000, ABSOLUTE)

    Base Addr    Size         Type   Attr      Idx    E Section Name        Object

    0x20000000   0x00000014   Data   RW         1939    .data               stm32f10x_rcc.o
    0x20000014   0x00000088   Data   RW         4618    .data               I2C.o
    0x2000009c   0x0000000c   Data   RW         4781    .data               stm32f10x_it.o
    0x200000a8   0x00000050   Data   RW         5620    .data               TIM.o
    0x200000f8   0x00000138   Data   RW         5752    .data               USART.o
    0x20000230   0x00000004   Data   RW         6326    .data               mc_w.l(cpp_dtor.o)
    0x20000234   0x00000004   Data   RW         6372    .data               mc_w.l(mvars.o)
    0x20000238   0x00000004   Data   RW         6373    .data               mc_w.l(mvars.o)
    0x2000023c   0x00000040   Zero   RW         4617    .bss                I2C.o
    0x2000027c   0x00000014   Zero   RW         5233    .bss                RCC.o
    0x20000290   0x0000002c   Zero   RW         5618    .bss                TIM.o
    0x200002bc   0x0000008c   Zero   RW         5751    .bss                USART.o
    0x20000348   0x00000200   Zero   RW         3543    HEAP                startup_stm32f10x_hd.o
    0x20000548   0x00000400   Zero   RW         3542    STACK               startup_stm32f10x_hd.o

